
 Start  Stop   Length Name               Class

 00000H 040BEH 040BFH _TEXT              CODE
 040C0H 040C0H 00000H H_LDIV_TEXT        CODE
 040C0H 0441CH 0035DH WOLFHACK_TEXT      CODE
 0441EH 04482H 00065H WHACK_A_TEXT       CODE
 04484H 044BEH 0003BH WL_ASM_TEXT        CODE
 044BFH 05889H 013CBH WL_MAIN_TEXT       CODE
 0588AH 06248H 009BFH WL_TEXT_TEXT       CODE
 06249H 0A10BH 03EC3H WL_MENU_TEXT       CODE
 0A10CH 0B30CH 01201H WL_INTER_TEXT      CODE
 0B30DH 0C72BH 0141FH WL_GAME_TEXT       CODE
 0C72CH 0D7B1H 01086H WL_PLAY_TEXT       CODE
 0D7B2H 0E327H 00B76H WL_DEBUG_TEXT      CODE
 0E328H 0FA13H 016ECH WL_DRAW_TEXT       CODE
 0FA14H 0FE67H 00454H WL_DR_A_TEXT       CODE
 0FE68H 106FFH 00898H WL_SCALE_TEXT      CODE
 10700H 11CECH 015EDH WL_STATE_TEXT      CODE
 11CEDH 12EE4H 011F8H WL_AGENT_TEXT      CODE
 12EE5H 13B87H 00CA3H WL_ACT1_TEXT       CODE
 13B88H 15ABBH 01F34H WL_ACT2_TEXT       CODE
 15ABCH 1707EH 015C3H ID_CA_TEXT         CODE
 1707FH 17B95H 00B17H ID_IN_TEXT         CODE
 17B96H 18586H 009F1H ID_MM_TEXT         CODE
 18587H 19613H 0108DH ID_PM_TEXT         CODE
 19614H 1ADCFH 017BCH ID_SD_TEXT         CODE
 1ADD0H 1B1C1H 003F2H ID_SD_A_TEXT       CODE
 1B1C2H 1BCF8H 00B37H ID_US_1_TEXT       CODE
 1BCFAH 1BD3EH 00045H ID_US_A_TEXT       CODE
 1BD3FH 1C842H 00B04H ID_VL_TEXT         CODE
 1C843H 1D12FH 008EDH ID_VH_TEXT         CODE
 1D130H 1D3C3H 00294H ID_VL_A_TEXT       CODE
 1D3C4H 1D5B9H 001F6H ID_VH_A_TEXT       CODE
 1D5C0H 1DB87H 005C8H E87_PROG           CODE
 1DB90H 1DB90H 00000H _FARDATA           FAR_DATA
 1DB90H 1FB8FH 02000H FAR_DATA           FAR_DATA
 1FB90H 1FC91H 00102H FAR_DATA           FAR_DATA
 1FCA0H 1FF6FH 002D0H WL_MENU5_DATA      FAR_DATA
 1FF70H 200E9H 0017AH WL_MENU6_DATA      FAR_DATA
 200F0H 202E7H 001F8H WL_MENU7_DATA      FAR_DATA
 202F0H 203EBH 000FCH WL_MENU8_DATA      FAR_DATA
 203F0H 205BDH 001CEH WL_MENU9_DATA      FAR_DATA
 205C0H 20667H 000A8H WL_MENU10_DATA     FAR_DATA
 20670H 20813H 001A4H WL_MENU11_DATA     FAR_DATA
 20820H 20999H 0017AH WL_MENU12_DATA     FAR_DATA
 209A0H 209C3H 00024H WL_MENU13_DATA     FAR_DATA
 209D0H 303CFH 0FA00H SignonSeg          FAR_DATA
 303D0H 3044FH 00080H ID_IN5_DATA        FAR_DATA
 30450H 304CFH 00080H ID_IN6_DATA        FAR_DATA
 304D0H 3054FH 00080H ID_IN7_DATA        FAR_DATA
 30550H 30550H 00000H _FARBSS            FAR_BSS
 30550H 30AA8H 00559H _COMDEF_AA_        FAR_BSS
 30AB0H 311B7H 00708H _COMDEF_AB_        FAR_BSS
 311C0H 31FCFH 00E10H _COMDEF_AC_        FAR_BSS
 31FD0H 32064H 00095H _COMDEF_AD_        FAR_BSS
 32070H 3406FH 02000H _COMDEF_AE_        FAR_BSS
 34070H 3686FH 02800H _COMDEF_AF_        FAR_BSS
 36870H 37A6FH 01200H _COMDEF_AG_        FAR_BSS
 37A70H 38C6FH 01200H _COMDEF_AH_        FAR_BSS
 38C70H 3AD3FH 020D0H _COMDEF_AI_        FAR_BSS
 3AD40H 3B03FH 00300H _COMDEF_AJ_        FAR_BSS
 3B040H 3B33FH 00300H _COMDEF_AK_        FAR_BSS
 3B340H 3B340H 00000H _OVERLAY_          OVRINFO
 3B340H 3B340H 00000H _1STUB_            STUBSEG
 3B340H 3F8BFH 04580H _DATA              DATA
 3F8C0H 3F8C3H 00004H _CVTSEG            DATA
 3F8C4H 3F8CFH 0000CH _SCNSEG            DATA
 3F8D0H 3F8D0H 00000H _CONST             CONST
 3F8D0H 3F8EDH 0001EH _INIT_             INITDATA
 3F8EEH 3F8EEH 00000H _INITEND_          INITDATA
 3F8EEH 3F8F3H 00006H _EXIT_             EXITDATA
 3F8F4H 3F8F4H 00000H _EXITEND_          EXITDATA
 3F8F4H 3FB5BH 00268H _BSS               BSS
 3FB5CH 4A14DH 0A5F2H _COMDEF_           BSS
 4A14EH 4A14EH 00000H _BSSEND            BSSEND
 4A150H 4A1CFH 00080H _STACK             STACK


Detailed map of segments

 0000:0000 02B2 C=CODE   S=_TEXT          G=(none)  M=C0.ASM     ACBP=28
 0000:02B2 00DE C=CODE   S=_TEXT          G=(none)  M=H_LDIV.ASM ACBP=28
 0000:0390 020E C=CODE   S=_TEXT          G=(none)  M=FP87INIT   ACBP=28
 0000:059E 0000 C=CODE   S=_TEXT          G=(none)  M=E87TRAP    ACBP=28
 0000:059E 0000 C=CODE   S=_TEXT          G=(none)  M=PROTFLAG   ACBP=28
 0000:059E 0000 C=CODE   S=_TEXT          G=(none)  M=DEFLT87    ACBP=28
 0000:059E 000D C=CODE   S=_TEXT          G=(none)  M=ATAN       ACBP=28
 0000:05AB 0000 C=CODE   S=_TEXT          G=(none)  M=HUGEVAL    ACBP=28
 0000:05AB 009A C=CODE   S=_TEXT          G=(none)  M=LDTRUNC    ACBP=28
 0000:0645 0000 C=CODE   S=_TEXT          G=(none)  M=MATHWHY    ACBP=28
 0000:0645 01B5 C=CODE   S=_TEXT          G=(none)  M=REALCVT    ACBP=28
 0000:07FA 0361 C=CODE   S=_TEXT          G=(none)  M=SCANTOD    ACBP=28
 0000:0B5B 0209 C=CODE   S=_TEXT          G=(none)  M=XCVT       ACBP=28
 0000:0D64 00A6 C=CODE   S=_TEXT          G=(none)  M=FPERR      ACBP=28
 0000:0E0A 00C9 C=CODE   S=_TEXT          G=(none)  M=_POW10     ACBP=28
 0000:0ED3 000B C=CODE   S=_TEXT          G=(none)  M=POW10D     ACBP=28
 0000:0EDE 0026 C=CODE   S=_TEXT          G=(none)  M=MATHERR    ACBP=28
 0000:0F04 004D C=CODE   S=_TEXT          G=(none)  M=SIN        ACBP=28
 0000:0F51 0050 C=CODE   S=_TEXT          G=(none)  M=TAN        ACBP=28
 0000:0FA1 0090 C=CODE   S=_TEXT          G=(none)  M=_MATHERR   ACBP=28
 0000:1031 00BB C=CODE   S=_TEXT          G=(none)  M=ATAN2      ACBP=28
 0000:10EC 002C C=CODE   S=_TEXT          G=(none)  M=FFTOL      ACBP=28
 0000:1118 002D C=CODE   S=_TEXT          G=(none)  M=ATEXIT     ACBP=28
 0000:1145 0000 C=CODE   S=_TEXT          G=(none)  M=CTYPE      ACBP=28
 0000:1145 0036 C=CODE   S=_TEXT          G=(none)  M=DOSDFREE   ACBP=28
 0000:117B 0023 C=CODE   S=_TEXT          G=(none)  M=DOSWRITE   ACBP=28
 0000:119E 0093 C=CODE   S=_TEXT          G=(none)  M=EXIT       ACBP=28
 0000:1231 0000 C=CODE   S=_TEXT          G=(none)  M=FILES      ACBP=28
 0000:1231 0000 C=CODE   S=_TEXT          G=(none)  M=FILES2     ACBP=28
 0000:1231 0000 C=CODE   S=_TEXT          G=(none)  M=FMODE      ACBP=28
 0000:1231 0000 C=CODE   S=_TEXT          G=(none)  M=FPSTKLEN   ACBP=28
 0000:1231 0021 C=CODE   S=_TEXT          G=(none)  M=F_PCMP     ACBP=28
 0000:1252 001C C=CODE   S=_TEXT          G=(none)  M=F_SCOPY    ACBP=28
 0000:126E 0020 C=CODE   S=_TEXT          G=(none)  M=GETVECT    ACBP=28
 0000:128E 0000 C=CODE   S=_TEXT          G=(none)  M=HEAPLEN    ACBP=28
 0000:128E 0021 C=CODE   S=_TEXT          G=(none)  M=H_LLSH     ACBP=28
 0000:12AF 0088 C=CODE   S=_TEXT          G=(none)  M=H_PADA     ACBP=28
 0000:1337 0060 C=CODE   S=_TEXT          G=(none)  M=H_PADD     ACBP=28
 0000:1397 0028 C=CODE   S=_TEXT          G=(none)  M=H_PSBP     ACBP=28
 0000:13BF 0027 C=CODE   S=_TEXT          G=(none)  M=H_SPUSH    ACBP=28
 0000:13E6 004B C=CODE   S=_TEXT          G=(none)  M=IOERROR    ACBP=28
 0000:1431 0011 C=CODE   S=_TEXT          G=(none)  M=ISATTY     ACBP=28
 0000:1442 009A C=CODE   S=_TEXT          G=(none)  M=LONGTOA    ACBP=28
 0000:14DC 0029 C=CODE   S=_TEXT          G=(none)  M=LSEEK      ACBP=28
 0000:1505 0021 C=CODE   S=_TEXT          G=(none)  M=N_PCMP     ACBP=28
 0000:1526 002D C=CODE   S=_TEXT          G=(none)  M=READA      ACBP=28
 0000:1553 01AA C=CODE   S=_TEXT          G=(none)  M=SCANTOL    ACBP=28
 0000:16FD 00A5 C=CODE   S=_TEXT          G=(none)  M=SETUPIO    ACBP=28
 0000:17A2 0000 C=CODE   S=_TEXT          G=(none)  M=SIGDATA    ACBP=28
 0000:17A2 0000 C=CODE   S=_TEXT          G=(none)  M=STKLEN     ACBP=28
 0000:17A2 002C C=CODE   S=_TEXT          G=(none)  M=TOLOWER    ACBP=28
 0000:17CE 002C C=CODE   S=_TEXT          G=(none)  M=TOUPPER    ACBP=28
 0000:17FA 0016 C=CODE   S=_TEXT          G=(none)  M=UNLINK     ACBP=28
 0000:1810 04CB C=CODE   S=_TEXT          G=(none)  M=VPRINTER   ACBP=28
 0000:1CDB 009F C=CODE   S=_TEXT          G=(none)  M=VRAM       ACBP=28
 0000:1D7A 001A C=CODE   S=_TEXT          G=(none)  M=XCLOSE     ACBP=28
 0000:1D94 0025 C=CODE   S=_TEXT          G=(none)  M=BIOSKEY    ACBP=28
 0000:1DB9 006F C=CODE   S=_TEXT          G=(none)  M=BRK        ACBP=28
 0000:1E28 0029 C=CODE   S=_TEXT          G=(none)  M=CLRSCR     ACBP=28
 0000:1E51 0010 C=CODE   S=_TEXT          G=(none)  M=CORELEFT   ACBP=28
 0000:1E61 01A1 C=CODE   S=_TEXT          G=(none)  M=CRTINIT    ACBP=28
 0000:2002 001F C=CODE   S=_TEXT          G=(none)  M=CVTFAK     ACBP=28
 0000:2021 0421 C=CODE   S=_TEXT          G=(none)  M=FARHEAP    ACBP=28
 0000:2442 0140 C=CODE   S=_TEXT          G=(none)  M=FBRK       ACBP=28
 0000:2582 0050 C=CODE   S=_TEXT          G=(none)  M=FCORELFT   ACBP=28
 0000:25D2 0049 C=CODE   S=_TEXT          G=(none)  M=GOTOXY     ACBP=28
 0000:261B 00A8 C=CODE   S=_TEXT          G=(none)  M=GPTEXT     ACBP=28
 0000:26C3 002E C=CODE   S=_TEXT          G=(none)  M=HARD       ACBP=28
 0000:26F1 0126 C=CODE   S=_TEXT          G=(none)  M=HARDERR    ACBP=28
 0000:2817 0027 C=CODE   S=_TEXT          G=(none)  M=IOCTL      ACBP=28
 0000:283E 009D C=CODE   S=_TEXT          G=(none)  M=MOVETEXT   ACBP=28
 0000:28DB 027B C=CODE   S=_TEXT          G=(none)  M=NEARHEAP   ACBP=28
 0000:2B56 0004 C=CODE   S=_TEXT          G=(none)  M=REALCVT    ACBP=28
 0000:2B5A 01BD C=CODE   S=_TEXT          G=(none)  M=SCREEN     ACBP=28
 0000:2D17 0188 C=CODE   S=_TEXT          G=(none)  M=SCROLL     ACBP=28
 0000:2E9F 0119 C=CODE   S=_TEXT          G=(none)  M=SETARGV    ACBP=28
 0000:2FB8 001C C=CODE   S=_TEXT          G=(none)  M=SETBLOCK   ACBP=28
 0000:2FD4 005D C=CODE   S=_TEXT          G=(none)  M=SETENVP    ACBP=28
 0000:3031 002C C=CODE   S=_TEXT          G=(none)  M=WHEREXY    ACBP=28
 0000:305D 007D C=CODE   S=_TEXT          G=(none)  M=ATOL       ACBP=28
 0000:30DA 0010 C=CODE   S=_TEXT          G=(none)  M=BDOS       ACBP=28
 0000:30EA 001B C=CODE   S=_TEXT          G=(none)  M=CHMODA     ACBP=28
 0000:3105 0028 C=CODE   S=_TEXT          G=(none)  M=CLOSE      ACBP=28
 0000:312D 001E C=CODE   S=_TEXT          G=(none)  M=CLOSEA     ACBP=28
 0000:314B 008B C=CODE   S=_TEXT          G=(none)  M=CREAT      ACBP=28
 0000:31D6 0081 C=CODE   S=_TEXT          G=(none)  M=FFLUSH     ACBP=28
 0000:3257 0060 C=CODE   S=_TEXT          G=(none)  M=FINDFIRS   ACBP=28
 0000:32B7 0041 C=CODE   S=_TEXT          G=(none)  M=FLENGTH    ACBP=28
 0000:32F8 003A C=CODE   S=_TEXT          G=(none)  M=FLUSHALL   ACBP=28
 0000:3332 0016 C=CODE   S=_TEXT          G=(none)  M=FPRINTF    ACBP=28
 0000:3348 018C C=CODE   S=_TEXT          G=(none)  M=FSEEK      ACBP=28
 0000:34D4 005F C=CODE   S=_TEXT          G=(none)  M=GETENV     ACBP=28
 0000:3533 0067 C=CODE   S=_TEXT          G=(none)  M=LTOA1      ACBP=28
 0000:359A 001F C=CODE   S=_TEXT          G=(none)  M=MEMCPY     ACBP=28
 0000:35B9 0022 C=CODE   S=_TEXT          G=(none)  M=MOVEDATA   ACBP=28
 0000:35DB 0183 C=CODE   S=_TEXT          G=(none)  M=OPEN       ACBP=28
 0000:375E 004D C=CODE   S=_TEXT          G=(none)  M=OPENA      ACBP=28
 0000:37AB 0017 C=CODE   S=_TEXT          G=(none)  M=PRINTF     ACBP=28
 0000:37C2 0309 C=CODE   S=_TEXT          G=(none)  M=PUTC       ACBP=28
 0000:3ACB 004B C=CODE   S=_TEXT          G=(none)  M=PUTS       ACBP=28
 0000:3B16 00CE C=CODE   S=_TEXT          G=(none)  M=READ       ACBP=28
 0000:3BE4 0003 C=CODE   S=_TEXT          G=(none)  M=READU      ACBP=28
 0000:3BE7 00D8 C=CODE   S=_TEXT          G=(none)  M=SETVBUF    ACBP=28
 0000:3CBF 0061 C=CODE   S=_TEXT          G=(none)  M=SPRINTF    ACBP=28
 0000:3D20 001A C=CODE   S=_TEXT          G=(none)  M=STRLEN     ACBP=28
 0000:3D3A 00FF C=CODE   S=_TEXT          G=(none)  M=STRTOL     ACBP=28
 0000:3E39 010E C=CODE   S=_TEXT          G=(none)  M=WRITE      ACBP=28
 0000:3F47 003A C=CODE   S=_TEXT          G=(none)  M=WRITEA     ACBP=28
 0000:3F81 0003 C=CODE   S=_TEXT          G=(none)  M=WRITEU     ACBP=28
 0000:3F84 0023 C=CODE   S=_TEXT          G=(none)  M=XFFLUSH    ACBP=28
 0000:3FA7 0028 C=CODE   S=_TEXT          G=(none)  M=FMEMCMP    ACBP=28
 0000:3FCF 0024 C=CODE   S=_TEXT          G=(none)  M=FMEMCPY    ACBP=28
 0000:3FF3 0043 C=CODE   S=_TEXT          G=(none)  M=FMEMSET    ACBP=28
 0000:4036 0029 C=CODE   S=_TEXT          G=(none)  M=FSTRCPY    ACBP=28
 0000:405F 0041 C=CODE   S=_TEXT          G=(none)  M=FSTRICMP   ACBP=28
 0000:40A0 001F C=CODE   S=_TEXT          G=(none)  M=FSTRLEN    ACBP=28
 040C:0000 0000 C=CODE   S=H_LDIV_TEXT    G=(none)  M=H_LDIV.ASM ACBP=48
 040C:0000 035D C=CODE   S=WOLFHACK_TEXT  G=(none)  M=WOLFHACK.C ACBP=28
 0441:000E 0065 C=CODE   S=WHACK_A_TEXT   G=(none)  M=WHACK_A.ASM ACBP=48
 0448:0004 003B C=CODE   S=WL_ASM_TEXT    G=(none)  M=WL_ASM.ASM ACBP=48
 044B:000F 13CB C=CODE   S=WL_MAIN_TEXT   G=(none)  M=WL_MAIN.C  ACBP=28
 0588:000A 09BF C=CODE   S=WL_TEXT_TEXT   G=(none)  M=WL_TEXT.C  ACBP=28
 0624:0009 3EC3 C=CODE   S=WL_MENU_TEXT   G=(none)  M=WL_MENU.C  ACBP=28
 0A10:000C 1201 C=CODE   S=WL_INTER_TEXT  G=(none)  M=WL_INTER.C ACBP=28
 0B30:000D 141F C=CODE   S=WL_GAME_TEXT   G=(none)  M=WL_GAME.C  ACBP=28
 0C72:000C 1086 C=CODE   S=WL_PLAY_TEXT   G=(none)  M=WL_PLAY.C  ACBP=28
 0D7B:0002 0B76 C=CODE   S=WL_DEBUG_TEXT  G=(none)  M=WL_DEBUG.C ACBP=28
 0E32:0008 16EC C=CODE   S=WL_DRAW_TEXT   G=(none)  M=WL_DRAW.C  ACBP=28
 0FA1:0004 0454 C=CODE   S=WL_DR_A_TEXT   G=(none)  M=WL_DR_A.ASM ACBP=48
 0FE6:0008 0898 C=CODE   S=WL_SCALE_TEXT  G=(none)  M=WL_SCALE.C ACBP=28
 1070:0000 15ED C=CODE   S=WL_STATE_TEXT  G=(none)  M=WL_STATE.C ACBP=28
 11CE:000D 11F8 C=CODE   S=WL_AGENT_TEXT  G=(none)  M=WL_AGENT.C ACBP=28
 12EE:0005 0CA3 C=CODE   S=WL_ACT1_TEXT   G=(none)  M=WL_ACT1.C  ACBP=28
 13B8:0008 1F34 C=CODE   S=WL_ACT2_TEXT   G=(none)  M=WL_ACT2.C  ACBP=28
 15AB:000C 15C3 C=CODE   S=ID_CA_TEXT     G=(none)  M=ID_CA.C    ACBP=28
 1707:000F 0B17 C=CODE   S=ID_IN_TEXT     G=(none)  M=ID_IN.C    ACBP=28
 17B9:0006 09F1 C=CODE   S=ID_MM_TEXT     G=(none)  M=ID_MM.C    ACBP=28
 1858:0007 108D C=CODE   S=ID_PM_TEXT     G=(none)  M=ID_PM.C    ACBP=28
 1961:0004 17BC C=CODE   S=ID_SD_TEXT     G=(none)  M=ID_SD.C    ACBP=28
 1ADD:0000 03F2 C=CODE   S=ID_SD_A_TEXT   G=(none)  M=ID_SD_A.ASM ACBP=48
 1B1C:0002 0B37 C=CODE   S=ID_US_1_TEXT   G=(none)  M=ID_US_1.C  ACBP=28
 1BCF:000A 0045 C=CODE   S=ID_US_A_TEXT   G=(none)  M=ID_US_A.ASM ACBP=48
 1BD3:000F 0B04 C=CODE   S=ID_VL_TEXT     G=(none)  M=ID_VL.C    ACBP=28
 1C84:0003 08ED C=CODE   S=ID_VH_TEXT     G=(none)  M=ID_VH.C    ACBP=28
 1D13:0000 0294 C=CODE   S=ID_VL_A_TEXT   G=(none)  M=ID_VL_A.ASM ACBP=48
 1D3C:0004 01F6 C=CODE   S=ID_VH_A_TEXT   G=(none)  M=ID_VH_A.ASM ACBP=48
 1D5C:0000 0000 C=CODE   S=E87_PROG       G=(none)  M=FP87INIT   ACBP=68
 1D5C:0000 03E3 C=CODE   S=E87_PROG       G=(none)  M=EMU087     ACBP=68
 1D5C:03F0 01D8 C=CODE   S=E87_PROG       G=(none)  M=E87TRAP    ACBP=68
 1DB9:0000 0000 C=FAR_DATA S=_FARDATA       G=(none)  M=C0.ASM     ACBP=68
 1DB9:0000 2000 C=FAR_DATA S=FAR_DATA       G=(none)  M=WHACK_A.ASM ACBP=60
 1FB9:0000 0102 C=FAR_DATA S=FAR_DATA       G=(none)  M=ID_US_A.ASM ACBP=60
 1FCA:0000 02D0 C=FAR_DATA S=WL_MENU5_DATA  G=(none)  M=WL_MENU.C  ACBP=68
 1FF7:0000 017A C=FAR_DATA S=WL_MENU6_DATA  G=(none)  M=WL_MENU.C  ACBP=68
 200F:0000 01F8 C=FAR_DATA S=WL_MENU7_DATA  G=(none)  M=WL_MENU.C  ACBP=68
 202F:0000 00FC C=FAR_DATA S=WL_MENU8_DATA  G=(none)  M=WL_MENU.C  ACBP=68
 203F:0000 01CE C=FAR_DATA S=WL_MENU9_DATA  G=(none)  M=WL_MENU.C  ACBP=68
 205C:0000 00A8 C=FAR_DATA S=WL_MENU10_DATA G=(none)  M=WL_MENU.C  ACBP=68
 2067:0000 01A4 C=FAR_DATA S=WL_MENU11_DATA G=(none)  M=WL_MENU.C  ACBP=68
 2082:0000 017A C=FAR_DATA S=WL_MENU12_DATA G=(none)  M=WL_MENU.C  ACBP=68
 209A:0000 0024 C=FAR_DATA S=WL_MENU13_DATA G=(none)  M=WL_MENU.C  ACBP=68
 209D:0000 FA00 C=FAR_DATA S=SignonSeg      G=(none)  M=SIGNON.BIN   ACBP=60
 303D:0000 0080 C=FAR_DATA S=ID_IN5_DATA    G=(none)  M=ID_IN.C    ACBP=68
 3045:0000 0080 C=FAR_DATA S=ID_IN6_DATA    G=(none)  M=ID_IN.C    ACBP=68
 304D:0000 0080 C=FAR_DATA S=ID_IN7_DATA    G=(none)  M=ID_IN.C    ACBP=68
 3055:0000 0000 C=FAR_BSS S=_FARBSS        G=(none)  M=C0.ASM     ACBP=68
 3055:0000 0559 C=FAR_BSS S=_COMDEF_AA_    G=(none)  M=WL_ACT1.C  ACBP=60
 30AB:0000 0708 C=FAR_BSS S=_COMDEF_AB_    G=(none)  M=WL_DRAW.C  ACBP=60
 311C:0000 0E10 C=FAR_BSS S=_COMDEF_AC_    G=(none)  M=WL_DRAW.C  ACBP=60
 31FD:0000 0095 C=FAR_BSS S=_COMDEF_AD_    G=(none)  M=ID_CA.C    ACBP=60
 3207:0000 2000 C=FAR_BSS S=_COMDEF_AE_    G=(none)  M=WL_GAME.C  ACBP=60
 3407:0000 2800 C=FAR_BSS S=_COMDEF_AF_    G=(none)  M=WL_GAME.C  ACBP=60
 3687:0000 1200 C=FAR_BSS S=_COMDEF_AG_    G=(none)  M=WL_PLAY.C  ACBP=60
 37A7:0000 1200 C=FAR_BSS S=_COMDEF_AH_    G=(none)  M=WL_PLAY.C  ACBP=60
 38C7:0000 20D0 C=FAR_BSS S=_COMDEF_AI_    G=(none)  M=ID_MM.C    ACBP=60
 3AD4:0000 0300 C=FAR_BSS S=_COMDEF_AJ_    G=(none)  M=ID_VL.C    ACBP=60
 3B04:0000 0300 C=FAR_BSS S=_COMDEF_AK_    G=(none)  M=ID_VL.C    ACBP=60
 3B34:0000 0000 C=OVRINFO S=_OVERLAY_      G=(none)  M=C0.ASM     ACBP=68
 3B34:0000 0000 C=STUBSEG S=_1STUB_        G=(none)  M=C0.ASM     ACBP=68
 3B34:0000 00D9 C=DATA   S=_DATA          G=DGROUP  M=C0.ASM     ACBP=68
 3B34:00DA 0000 C=DATA   S=_DATA          G=DGROUP  M=H_LDIV.ASM ACBP=48
 3B34:00DA 0002 C=DATA   S=_DATA          G=DGROUP  M=WOLFHACK.C ACBP=48
 3B34:00DC 0000 C=DATA   S=_DATA          G=DGROUP  M=WHACK_A.ASM ACBP=48
 3B34:00DC 0000 C=DATA   S=_DATA          G=DGROUP  M=WL_ASM.ASM ACBP=48
 3B34:00DC 01F6 C=DATA   S=_DATA          G=DGROUP  M=WL_MAIN.C  ACBP=48
 3B34:02D2 00A1 C=DATA   S=_DATA          G=DGROUP  M=WL_TEXT.C  ACBP=48
 3B34:0374 06B1 C=DATA   S=_DATA          G=DGROUP  M=WL_MENU.C  ACBP=48
 3B34:0A26 034D C=DATA   S=_DATA          G=DGROUP  M=WL_INTER.C ACBP=48
 3B34:0D74 03FC C=DATA   S=_DATA          G=DGROUP  M=WL_GAME.C  ACBP=48
 3B34:1170 01CB C=DATA   S=_DATA          G=DGROUP  M=WL_PLAY.C  ACBP=48
 3B34:133C 021D C=DATA   S=_DATA          G=DGROUP  M=WL_DEBUG.C ACBP=48
 3B34:155A 01CA C=DATA   S=_DATA          G=DGROUP  M=WL_DRAW.C  ACBP=48
 3B34:1724 0000 C=DATA   S=_DATA          G=DGROUP  M=WL_DR_A.ASM ACBP=48
 3B34:1724 00F1 C=DATA   S=_DATA          G=DGROUP  M=WL_SCALE.C ACBP=48
 3B34:1816 00FF C=DATA   S=_DATA          G=DGROUP  M=WL_STATE.C ACBP=48
 3B34:1916 0122 C=DATA   S=_DATA          G=DGROUP  M=WL_AGENT.C ACBP=48
 3B34:1A38 0119 C=DATA   S=_DATA          G=DGROUP  M=WL_ACT1.C  ACBP=48
 3B34:1B52 1412 C=DATA   S=_DATA          G=DGROUP  M=WL_ACT2.C  ACBP=48
 3B34:2F64 0300 C=DATA   S=_DATA          G=DGROUP  M=GAMEPAL.BIN  ACBP=48
 3B34:3264 00FF C=DATA   S=_DATA          G=DGROUP  M=ID_CA.C    ACBP=48
 3B34:3364 005F C=DATA   S=_DATA          G=DGROUP  M=ID_IN.C    ACBP=48
 3B34:33C4 00D4 C=DATA   S=_DATA          G=DGROUP  M=ID_MM.C    ACBP=48
 3B34:3498 0490 C=DATA   S=_DATA          G=DGROUP  M=ID_PM.C    ACBP=48
 3B34:3928 01EC C=DATA   S=_DATA          G=DGROUP  M=ID_SD.C    ACBP=48
 3B34:3B14 0104 C=DATA   S=_DATA          G=DGROUP  M=ID_SD_A.ASM ACBP=48
 3B34:3C18 0279 C=DATA   S=_DATA          G=DGROUP  M=ID_US_1.C  ACBP=48
 3B34:3E92 0000 C=DATA   S=_DATA          G=DGROUP  M=ID_US_A.ASM ACBP=48
 3B34:3E92 002A C=DATA   S=_DATA          G=DGROUP  M=ID_VL.C    ACBP=48
 3B34:3EBC 0017 C=DATA   S=_DATA          G=DGROUP  M=ID_VH.C    ACBP=48
 3B34:3ED4 0002 C=DATA   S=_DATA          G=DGROUP  M=ID_VL_A.ASM ACBP=48
 3B34:3ED6 0000 C=DATA   S=_DATA          G=DGROUP  M=ID_VH_A.ASM ACBP=48
 3B34:3EE0 0002 C=DATA   S=_DATA          G=DGROUP  M=FP87INIT   ACBP=68
 3B34:3EF0 0000 C=DATA   S=_DATA          G=DGROUP  M=E87TRAP    ACBP=68
 3B34:3EF0 0003 C=DATA   S=_DATA          G=DGROUP  M=PROTFLAG   ACBP=48
 3B34:3EF4 0002 C=DATA   S=_DATA          G=DGROUP  M=DEFLT87    ACBP=48
 3B34:3EF6 0000 C=DATA   S=_DATA          G=DGROUP  M=ATAN       ACBP=48
 3B34:3EF6 0024 C=DATA   S=_DATA          G=DGROUP  M=HUGEVAL    ACBP=48
 3B34:3F1A 0000 C=DATA   S=_DATA          G=DGROUP  M=LDTRUNC    ACBP=48
 3B34:3F1A 0037 C=DATA   S=_DATA          G=DGROUP  M=MATHWHY    ACBP=48
 3B34:3F52 0000 C=DATA   S=_DATA          G=DGROUP  M=REALCVT    ACBP=48
 3B34:3F52 0018 C=DATA   S=_DATA          G=DGROUP  M=SCANTOD    ACBP=48
 3B34:3F6A 0000 C=DATA   S=_DATA          G=DGROUP  M=XCVT       ACBP=48
 3B34:3F6A 008C C=DATA   S=_DATA          G=DGROUP  M=FPERR      ACBP=48
 3B34:3FF6 0080 C=DATA   S=_DATA          G=DGROUP  M=_POW10     ACBP=48
 3B34:4076 0000 C=DATA   S=_DATA          G=DGROUP  M=POW10D     ACBP=48
 3B34:4076 0000 C=DATA   S=_DATA          G=DGROUP  M=MATHERR    ACBP=48
 3B34:4076 000C C=DATA   S=_DATA          G=DGROUP  M=SIN        ACBP=48
 3B34:4082 000C C=DATA   S=_DATA          G=DGROUP  M=TAN        ACBP=48
 3B34:408E 000E C=DATA   S=_DATA          G=DGROUP  M=_MATHERR   ACBP=48
 3B34:409C 0018 C=DATA   S=_DATA          G=DGROUP  M=ATAN2      ACBP=48
 3B34:40C0 0110 C=DATA   S=_DATA          G=DGROUP  M=EMUVARS    ACBP=68
 3B34:41D0 0000 C=DATA   S=_DATA          G=DGROUP  M=FFTOL      ACBP=48
 3B34:41D0 0002 C=DATA   S=_DATA          G=DGROUP  M=ATEXIT     ACBP=48
 3B34:41D2 0101 C=DATA   S=_DATA          G=DGROUP  M=CTYPE      ACBP=48
 3B34:42D4 0000 C=DATA   S=_DATA          G=DGROUP  M=DOSDFREE   ACBP=48
 3B34:42D4 0000 C=DATA   S=_DATA          G=DGROUP  M=DOSWRITE   ACBP=48
 3B34:42D4 000C C=DATA   S=_DATA          G=DGROUP  M=EXIT       ACBP=48
 3B34:42E0 0140 C=DATA   S=_DATA          G=DGROUP  M=FILES      ACBP=48
 3B34:4420 002A C=DATA   S=_DATA          G=DGROUP  M=FILES2     ACBP=48
 3B34:444A 0004 C=DATA   S=_DATA          G=DGROUP  M=FMODE      ACBP=48
 3B34:444E 0002 C=DATA   S=_DATA          G=DGROUP  M=FPSTKLEN   ACBP=48
 3B34:4450 0000 C=DATA   S=_DATA          G=DGROUP  M=F_PCMP     ACBP=48
 3B34:4450 0000 C=DATA   S=_DATA          G=DGROUP  M=F_SCOPY    ACBP=48
 3B34:4450 0000 C=DATA   S=_DATA          G=DGROUP  M=GETVECT    ACBP=48
 3B34:4450 0002 C=DATA   S=_DATA          G=DGROUP  M=HEAPLEN    ACBP=48
 3B34:4452 0000 C=DATA   S=_DATA          G=DGROUP  M=H_LLSH     ACBP=48
 3B34:4452 0000 C=DATA   S=_DATA          G=DGROUP  M=H_PADA     ACBP=48
 3B34:4452 0000 C=DATA   S=_DATA          G=DGROUP  M=H_PADD     ACBP=48
 3B34:4452 0000 C=DATA   S=_DATA          G=DGROUP  M=H_PSBP     ACBP=48
 3B34:4452 0000 C=DATA   S=_DATA          G=DGROUP  M=H_SPUSH    ACBP=48
 3B34:4452 005B C=DATA   S=_DATA          G=DGROUP  M=IOERROR    ACBP=48
 3B34:44AE 0000 C=DATA   S=_DATA          G=DGROUP  M=ISATTY     ACBP=48
 3B34:44AE 0000 C=DATA   S=_DATA          G=DGROUP  M=LONGTOA    ACBP=48
 3B34:44AE 0000 C=DATA   S=_DATA          G=DGROUP  M=LSEEK      ACBP=48
 3B34:44AE 0000 C=DATA   S=_DATA          G=DGROUP  M=N_PCMP     ACBP=48
 3B34:44AE 0000 C=DATA   S=_DATA          G=DGROUP  M=READA      ACBP=48
 3B34:44AE 0000 C=DATA   S=_DATA          G=DGROUP  M=SCANTOL    ACBP=48
 3B34:44AE 0000 C=DATA   S=_DATA          G=DGROUP  M=SETUPIO    ACBP=48
 3B34:44AE 0000 C=DATA   S=_DATA          G=DGROUP  M=SIGDATA    ACBP=48
 3B34:44AE 0002 C=DATA   S=_DATA          G=DGROUP  M=STKLEN     ACBP=48
 3B34:44B0 0000 C=DATA   S=_DATA          G=DGROUP  M=TOLOWER    ACBP=48
 3B34:44B0 0000 C=DATA   S=_DATA          G=DGROUP  M=TOUPPER    ACBP=48
 3B34:44B0 0000 C=DATA   S=_DATA          G=DGROUP  M=UNLINK     ACBP=48
 3B34:44B0 0067 C=DATA   S=_DATA          G=DGROUP  M=VPRINTER   ACBP=48
 3B34:4518 0000 C=DATA   S=_DATA          G=DGROUP  M=VRAM       ACBP=48
 3B34:4518 0000 C=DATA   S=_DATA          G=DGROUP  M=XCLOSE     ACBP=48
 3B34:4518 0000 C=DATA   S=_DATA          G=DGROUP  M=BIOSKEY    ACBP=48
 3B34:4518 0000 C=DATA   S=_DATA          G=DGROUP  M=BRK        ACBP=48
 3B34:4518 0000 C=DATA   S=_DATA          G=DGROUP  M=CLRSCR     ACBP=48
 3B34:4518 0000 C=DATA   S=_DATA          G=DGROUP  M=CORELEFT   ACBP=48
 3B34:4518 0018 C=DATA   S=_DATA          G=DGROUP  M=CRTINIT    ACBP=48
 3B34:4530 0031 C=DATA   S=_DATA          G=DGROUP  M=CVTFAK     ACBP=48
 3B34:4562 0000 C=DATA   S=_DATA          G=DGROUP  M=FARHEAP    ACBP=48
 3B34:4562 0002 C=DATA   S=_DATA          G=DGROUP  M=FBRK       ACBP=48
 3B34:4564 0000 C=DATA   S=_DATA          G=DGROUP  M=FCORELFT   ACBP=48
 3B34:4564 0000 C=DATA   S=_DATA          G=DGROUP  M=GOTOXY     ACBP=48
 3B34:4564 0000 C=DATA   S=_DATA          G=DGROUP  M=GPTEXT     ACBP=48
 3B34:4564 0000 C=DATA   S=_DATA          G=DGROUP  M=HARD       ACBP=48
 3B34:4564 0000 C=DATA   S=_DATA          G=DGROUP  M=HARDERR    ACBP=48
 3B34:4564 0000 C=DATA   S=_DATA          G=DGROUP  M=IOCTL      ACBP=48
 3B34:4564 0000 C=DATA   S=_DATA          G=DGROUP  M=MOVETEXT   ACBP=48
 3B34:4564 0006 C=DATA   S=_DATA          G=DGROUP  M=NEARHEAP   ACBP=48
 3B34:456A 0000 C=DATA   S=_DATA          G=DGROUP  M=REALCVT    ACBP=48
 3B34:456A 0000 C=DATA   S=_DATA          G=DGROUP  M=SCREEN     ACBP=48
 3B34:456A 0000 C=DATA   S=_DATA          G=DGROUP  M=SCROLL     ACBP=48
 3B34:456A 000E C=DATA   S=_DATA          G=DGROUP  M=SETARGV    ACBP=48
 3B34:4578 0000 C=DATA   S=_DATA          G=DGROUP  M=SETBLOCK   ACBP=48
 3B34:4578 0002 C=DATA   S=_DATA          G=DGROUP  M=SETENVP    ACBP=48
 3B34:457A 0000 C=DATA   S=_DATA          G=DGROUP  M=WHEREXY    ACBP=48
 3B34:457A 0000 C=DATA   S=_DATA          G=DGROUP  M=ATOL       ACBP=48
 3B34:457A 0000 C=DATA   S=_DATA          G=DGROUP  M=BDOS       ACBP=48
 3B34:457A 0000 C=DATA   S=_DATA          G=DGROUP  M=CHMODA     ACBP=48
 3B34:457A 0000 C=DATA   S=_DATA          G=DGROUP  M=CLOSE      ACBP=48
 3B34:457A 0000 C=DATA   S=_DATA          G=DGROUP  M=CLOSEA     ACBP=48
 3B34:457A 0000 C=DATA   S=_DATA          G=DGROUP  M=CREAT      ACBP=48
 3B34:457A 0000 C=DATA   S=_DATA          G=DGROUP  M=FFLUSH     ACBP=48
 3B34:457A 0000 C=DATA   S=_DATA          G=DGROUP  M=FINDFIRS   ACBP=48
 3B34:457A 0000 C=DATA   S=_DATA          G=DGROUP  M=FLENGTH    ACBP=48
 3B34:457A 0000 C=DATA   S=_DATA          G=DGROUP  M=FLUSHALL   ACBP=48
 3B34:457A 0000 C=DATA   S=_DATA          G=DGROUP  M=FPRINTF    ACBP=48
 3B34:457A 0000 C=DATA   S=_DATA          G=DGROUP  M=FSEEK      ACBP=48
 3B34:457A 0000 C=DATA   S=_DATA          G=DGROUP  M=GETENV     ACBP=48
 3B34:457A 0000 C=DATA   S=_DATA          G=DGROUP  M=LTOA1      ACBP=48
 3B34:457A 0000 C=DATA   S=_DATA          G=DGROUP  M=MEMCPY     ACBP=48
 3B34:457A 0000 C=DATA   S=_DATA          G=DGROUP  M=MOVEDATA   ACBP=48
 3B34:457A 0000 C=DATA   S=_DATA          G=DGROUP  M=OPEN       ACBP=48
 3B34:457A 0000 C=DATA   S=_DATA          G=DGROUP  M=OPENA      ACBP=48
 3B34:457A 0000 C=DATA   S=_DATA          G=DGROUP  M=PRINTF     ACBP=48
 3B34:457A 0001 C=DATA   S=_DATA          G=DGROUP  M=PUTC       ACBP=48
 3B34:457C 0000 C=DATA   S=_DATA          G=DGROUP  M=PUTS       ACBP=48
 3B34:457C 0000 C=DATA   S=_DATA          G=DGROUP  M=READ       ACBP=48
 3B34:457C 0000 C=DATA   S=_DATA          G=DGROUP  M=READU      ACBP=48
 3B34:457C 0004 C=DATA   S=_DATA          G=DGROUP  M=SETVBUF    ACBP=48
 3B34:4580 0000 C=DATA   S=_DATA          G=DGROUP  M=SPRINTF    ACBP=48
 3B34:4580 0000 C=DATA   S=_DATA          G=DGROUP  M=STRLEN     ACBP=48
 3B34:4580 0000 C=DATA   S=_DATA          G=DGROUP  M=STRTOL     ACBP=48
 3B34:4580 0000 C=DATA   S=_DATA          G=DGROUP  M=WRITE      ACBP=48
 3B34:4580 0000 C=DATA   S=_DATA          G=DGROUP  M=WRITEA     ACBP=48
 3B34:4580 0000 C=DATA   S=_DATA          G=DGROUP  M=WRITEU     ACBP=48
 3B34:4580 0000 C=DATA   S=_DATA          G=DGROUP  M=XFFLUSH    ACBP=48
 3B34:4580 0000 C=DATA   S=_DATA          G=DGROUP  M=FMEMCMP    ACBP=48
 3B34:4580 0000 C=DATA   S=_DATA          G=DGROUP  M=FMEMCPY    ACBP=48
 3B34:4580 0000 C=DATA   S=_DATA          G=DGROUP  M=FMEMSET    ACBP=48
 3B34:4580 0000 C=DATA   S=_DATA          G=DGROUP  M=FSTRCPY    ACBP=48
 3B34:4580 0000 C=DATA   S=_DATA          G=DGROUP  M=FSTRICMP   ACBP=48
 3B34:4580 0000 C=DATA   S=_DATA          G=DGROUP  M=FSTRLEN    ACBP=48
 3B34:4580 0000 C=DATA   S=_CVTSEG        G=DGROUP  M=C0.ASM     ACBP=48
 3B34:4580 0002 C=DATA   S=_CVTSEG        G=DGROUP  M=REALCVT    ACBP=48
 3B34:4582 0002 C=DATA   S=_CVTSEG        G=DGROUP  M=CVTFAK     ACBP=48
 3B34:4584 0000 C=DATA   S=_CVTSEG        G=DGROUP  M=REALCVT    ACBP=48
 3B34:4584 0000 C=DATA   S=_SCNSEG        G=DGROUP  M=C0.ASM     ACBP=48
 3B34:4584 0006 C=DATA   S=_SCNSEG        G=DGROUP  M=SCANTOD    ACBP=48
 3B34:458A 0006 C=DATA   S=_SCNSEG        G=DGROUP  M=CVTFAK     ACBP=48
 3B34:4590 0000 C=CONST  S=_CONST         G=DGROUP  M=C0.ASM     ACBP=48
 3B34:4590 0000 C=INITDATA S=_INIT_         G=DGROUP  M=C0.ASM     ACBP=48
 3B34:4590 0006 C=INITDATA S=_INIT_         G=DGROUP  M=FP87INIT   ACBP=48
 3B34:4596 0006 C=INITDATA S=_INIT_         G=DGROUP  M=SETUPIO    ACBP=48
 3B34:459C 0006 C=INITDATA S=_INIT_         G=DGROUP  M=CRTINIT    ACBP=48
 3B34:45A2 0006 C=INITDATA S=_INIT_         G=DGROUP  M=SETARGV    ACBP=48
 3B34:45A8 0006 C=INITDATA S=_INIT_         G=DGROUP  M=SETENVP    ACBP=48
 3B34:45AE 0000 C=INITDATA S=_INITEND_      G=DGROUP  M=C0.ASM     ACBP=28
 3B34:45AE 0000 C=EXITDATA S=_EXIT_         G=DGROUP  M=C0.ASM     ACBP=48
 3B34:45AE 0006 C=EXITDATA S=_EXIT_         G=DGROUP  M=FP87INIT   ACBP=48
 3B34:45B4 0000 C=EXITDATA S=_EXITEND_      G=DGROUP  M=C0.ASM     ACBP=28
 3B34:45B4 0000 C=BSS    S=_BSS           G=DGROUP  M=C0.ASM     ACBP=48
 3B34:45B4 0000 C=BSS    S=_BSS           G=DGROUP  M=WOLFHACK.C ACBP=48
 3B34:45B4 0002 C=BSS    S=_BSS           G=DGROUP  M=WL_MAIN.C  ACBP=48
 3B34:45B6 0000 C=BSS    S=_BSS           G=DGROUP  M=WL_TEXT.C  ACBP=48
 3B34:45B6 0002 C=BSS    S=_BSS           G=DGROUP  M=WL_MENU.C  ACBP=48
 3B34:45B8 0000 C=BSS    S=_BSS           G=DGROUP  M=WL_INTER.C ACBP=48
 3B34:45B8 0000 C=BSS    S=_BSS           G=DGROUP  M=WL_GAME.C  ACBP=48
 3B34:45B8 0000 C=BSS    S=_BSS           G=DGROUP  M=WL_PLAY.C  ACBP=48
 3B34:45B8 000A C=BSS    S=_BSS           G=DGROUP  M=WL_DEBUG.C ACBP=48
 3B34:45C2 0000 C=BSS    S=_BSS           G=DGROUP  M=WL_DRAW.C  ACBP=48
 3B34:45C2 0004 C=BSS    S=_BSS           G=DGROUP  M=WL_SCALE.C ACBP=48
 3B34:45C6 0000 C=BSS    S=_BSS           G=DGROUP  M=WL_STATE.C ACBP=48
 3B34:45C6 0000 C=BSS    S=_BSS           G=DGROUP  M=WL_AGENT.C ACBP=48
 3B34:45C6 0000 C=BSS    S=_BSS           G=DGROUP  M=WL_ACT1.C  ACBP=48
 3B34:45C6 0000 C=BSS    S=_BSS           G=DGROUP  M=WL_ACT2.C  ACBP=48
 3B34:45C6 0000 C=BSS    S=_BSS           G=DGROUP  M=ID_CA.C    ACBP=48
 3B34:45C6 0014 C=BSS    S=_BSS           G=DGROUP  M=ID_IN.C    ACBP=48
 3B34:45DA 0000 C=BSS    S=_BSS           G=DGROUP  M=ID_MM.C    ACBP=48
 3B34:45DA 0000 C=BSS    S=_BSS           G=DGROUP  M=ID_PM.C    ACBP=48
 3B34:45DA 0180 C=BSS    S=_BSS           G=DGROUP  M=ID_SD.C    ACBP=48
 3B34:475A 0030 C=BSS    S=_BSS           G=DGROUP  M=ID_US_1.C  ACBP=48
 3B34:478A 0000 C=BSS    S=_BSS           G=DGROUP  M=ID_VL.C    ACBP=48
 3B34:478A 0000 C=BSS    S=_BSS           G=DGROUP  M=ID_VH.C    ACBP=48
 3B34:478A 0000 C=BSS    S=_BSS           G=DGROUP  M=ATAN       ACBP=48
 3B34:478A 0000 C=BSS    S=_BSS           G=DGROUP  M=LDTRUNC    ACBP=48
 3B34:478A 0000 C=BSS    S=_BSS           G=DGROUP  M=REALCVT    ACBP=48
 3B34:478A 0000 C=BSS    S=_BSS           G=DGROUP  M=SCANTOD    ACBP=48
 3B34:478A 0000 C=BSS    S=_BSS           G=DGROUP  M=XCVT       ACBP=48
 3B34:478A 0000 C=BSS    S=_BSS           G=DGROUP  M=_POW10     ACBP=48
 3B34:478A 0000 C=BSS    S=_BSS           G=DGROUP  M=SIN        ACBP=48
 3B34:478A 0000 C=BSS    S=_BSS           G=DGROUP  M=TAN        ACBP=48
 3B34:478A 0000 C=BSS    S=_BSS           G=DGROUP  M=ATAN2      ACBP=48
 3B34:478A 0080 C=BSS    S=_BSS           G=DGROUP  M=ATEXIT     ACBP=48
 3B34:480A 0000 C=BSS    S=_BSS           G=DGROUP  M=DOSWRITE   ACBP=48
 3B34:480A 0000 C=BSS    S=_BSS           G=DGROUP  M=GETVECT    ACBP=48
 3B34:480A 0000 C=BSS    S=_BSS           G=DGROUP  M=IOERROR    ACBP=48
 3B34:480A 0000 C=BSS    S=_BSS           G=DGROUP  M=ISATTY     ACBP=48
 3B34:480A 0000 C=BSS    S=_BSS           G=DGROUP  M=LONGTOA    ACBP=48
 3B34:480A 0000 C=BSS    S=_BSS           G=DGROUP  M=LSEEK      ACBP=48
 3B34:480A 0000 C=BSS    S=_BSS           G=DGROUP  M=READA      ACBP=48
 3B34:480A 0000 C=BSS    S=_BSS           G=DGROUP  M=SCANTOL    ACBP=48
 3B34:480A 0000 C=BSS    S=_BSS           G=DGROUP  M=SETUPIO    ACBP=48
 3B34:480A 0004 C=BSS    S=_BSS           G=DGROUP  M=SIGDATA    ACBP=48
 3B34:480E 0000 C=BSS    S=_BSS           G=DGROUP  M=UNLINK     ACBP=48
 3B34:480E 0000 C=BSS    S=_BSS           G=DGROUP  M=VPRINTER   ACBP=48
 3B34:480E 0000 C=BSS    S=_BSS           G=DGROUP  M=VRAM       ACBP=48
 3B34:480E 0000 C=BSS    S=_BSS           G=DGROUP  M=BIOSKEY    ACBP=48
 3B34:480E 0000 C=BSS    S=_BSS           G=DGROUP  M=BRK        ACBP=48
 3B34:480E 0000 C=BSS    S=_BSS           G=DGROUP  M=CORELEFT   ACBP=48
 3B34:480E 0000 C=BSS    S=_BSS           G=DGROUP  M=CRTINIT    ACBP=48
 3B34:480E 000C C=BSS    S=_BSS           G=DGROUP  M=HARDERR    ACBP=48
 3B34:481A 0000 C=BSS    S=_BSS           G=DGROUP  M=IOCTL      ACBP=48
 3B34:481A 0000 C=BSS    S=_BSS           G=DGROUP  M=SETBLOCK   ACBP=48
 3B34:481A 0000 C=BSS    S=_BSS           G=DGROUP  M=ATOL       ACBP=48
 3B34:481A 0000 C=BSS    S=_BSS           G=DGROUP  M=BDOS       ACBP=48
 3B34:481A 0000 C=BSS    S=_BSS           G=DGROUP  M=CHMODA     ACBP=48
 3B34:481A 0000 C=BSS    S=_BSS           G=DGROUP  M=CLOSEA     ACBP=48
 3B34:481A 0000 C=BSS    S=_BSS           G=DGROUP  M=CREAT      ACBP=48
 3B34:481A 0000 C=BSS    S=_BSS           G=DGROUP  M=FINDFIRS   ACBP=48
 3B34:481A 0000 C=BSS    S=_BSS           G=DGROUP  M=FLENGTH    ACBP=48
 3B34:481A 0000 C=BSS    S=_BSS           G=DGROUP  M=GETENV     ACBP=48
 3B34:481A 0000 C=BSS    S=_BSS           G=DGROUP  M=MEMCPY     ACBP=48
 3B34:481A 0000 C=BSS    S=_BSS           G=DGROUP  M=MOVEDATA   ACBP=48
 3B34:481A 0000 C=BSS    S=_BSS           G=DGROUP  M=OPEN       ACBP=48
 3B34:481A 0000 C=BSS    S=_BSS           G=DGROUP  M=OPENA      ACBP=48
 3B34:481A 0001 C=BSS    S=_BSS           G=DGROUP  M=PUTC       ACBP=48
 3B34:481C 0000 C=BSS    S=_BSS           G=DGROUP  M=READ       ACBP=48
 3B34:481C 0000 C=BSS    S=_BSS           G=DGROUP  M=STRLEN     ACBP=48
 3B34:481C 0000 C=BSS    S=_BSS           G=DGROUP  M=WRITEA     ACBP=48
 3B34:481C 0000 C=BSS    S=_BSS           G=DGROUP  M=FMEMCMP    ACBP=48
 3B34:481C 0000 C=BSS    S=_BSS           G=DGROUP  M=FMEMCPY    ACBP=48
 3B34:481C 0000 C=BSS    S=_BSS           G=DGROUP  M=FMEMSET    ACBP=48
 3B34:481C 0000 C=BSS    S=_BSS           G=DGROUP  M=FSTRCPY    ACBP=48
 3B34:481C 0000 C=BSS    S=_BSS           G=DGROUP  M=FSTRICMP   ACBP=48
 3B34:481C 0000 C=BSS    S=_BSS           G=DGROUP  M=FSTRLEN    ACBP=48
 3B34:481C A5F2 C=BSS    S=_COMDEF_       G=DGROUP  M=WOLFHACK.C ACBP=48
 3B34:EE0E 0000 C=BSSEND S=_BSSEND        G=DGROUP  M=C0.ASM     ACBP=28
 4A15:0000 0080 C=STACK  S=_STACK         G=(none)  M=C0.ASM     ACBP=74

  Address         Publics by Name

 3B34:0000 idle  DATASEG@
 0000:02AE idle  DGROUP@
 1D5C:0306       e087_Entry
 1D5C:03C6       e087_Shortcut
 1D5C:0430       e087_Trap
 0000:0000 idle  FIARQQ
 0000:0000 idle  FICRQQ
 0000:0000  Abs  FIDRQQ
 0000:0000  Abs  FIERQQ
 0000:0000 idle  FISRQQ
 0000:0000  Abs  FIWRQQ
 0000:0000 idle  FJARQQ
 0000:0000 idle  FJCRQQ
 0000:0000 idle  FJSRQQ
 0000:10EC idle  FTOL@
 0000:10EC       F_FTOL@
 0000:02B5       F_LDIV@
 0000:02DC idle  F_LMOD@
 0000:02D4 idle  F_LUDIV@
 0000:02E4 idle  F_LUMOD@
 0000:1291 idle  F_LXLSH@
 0000:12B2       F_PADA@
 0000:133A       F_PADD@
 0000:1231       F_PCMP@
 0000:12F6       F_PSBA@
 0000:139A       F_PSBP@
 0000:1369 idle  F_PSUB@
 0000:1252       F_SCOPY@
 0000:13C5       F_SPUSH@
 0000:02B5       LDIV@
 0000:02DC idle  LMOD@
 0000:02D4 idle  LUDIV@
 0000:02E4 idle  LUMOD@
 0000:1291 idle  LXLSH@
 0000:02B2 idle  N_LDIV@
 0000:02D9 idle  N_LMOD@
 0000:02D1 idle  N_LUDIV@
 0000:02E1 idle  N_LUMOD@
 0000:128E       N_LXLSH@
 0000:12AF idle  N_PADA@
 0000:1337       N_PADD@
 0000:1505       N_PCMP@
 0000:12F3 idle  N_PSBA@
 0000:1397       N_PSBP@
 0000:1366 idle  N_PSUB@
 0000:13BF idle  N_SPUSH@
 0000:12B2 idle  PADA@
 0000:133A idle  PADD@
 0000:1231 idle  PCMP@
 0000:12F6 idle  PSBA@
 0000:139A idle  PSBP@
 0000:1369 idle  PSUB@
 0000:1252 idle  SCOPY@
 0000:13C5 idle  SPUSH@
 0000:0296       _abort
 3B34:EC70       _abortprogram
 3B34:53FE       _actorat
 3B34:9A80       _AdLibPresent
 3B34:32AD idle  _afilename
 3B34:E70F       _aftersort
 3B34:32A3 idle  _aheadname
 3B34:E911       _alBlock
 3B34:E90D       _alLengthLeft
 3B34:E917       _alNoCheck
 1961:0C72       _alOut
 3B34:E913       _alSound
 3B34:E909       _alTimeCount
 3B34:E8F9       _alZeroInst
 3B34:D825       _angle
 3B34:A324       _anglefrac
 3B34:A0F0       _aplayerx
 3B34:A0EE       _aplayery
 3B34:511D       _areabyplayer
 3055:0000       _areaconnect
 0FA1:0070       _AsmRefresh
 0000:059E       _atan
 0000:1031       _atan2
 0000:1118 idle  _atexit
 0000:30CD idle  _atoi
 0000:305D       _atol
 3B34:1936 idle  _attackinfo
 3B34:DE7E       _audiohandle
 3B34:DE84       _audiohuffman
 3B34:3264       _audioname
 3B34:9E96       _audiosegs
 3B34:E67C       _audiostarts
 3407:0000       _automap
 13B8:06A3       _A_DeathScream
 13B8:10D6 idle  _A_HitlerMorph
 13B8:1157 idle  _A_MechaSound
 13B8:1183 idle  _A_Slurpie
 13B8:0008 idle  _A_Smoke
 13B8:1C84 idle  _A_StartDeathCam
 3B34:9D18       _backcolor
 0588:0675 idle  _BackPage
 0FE6:0008 idle  _BadScale
 3B34:4A8A       _basedist
 0000:30DA       _bdos
 3B34:E713       _beforesort
 0000:1D94       _bioskey
 0A10:047D idle  _BJ_Breathe
 3B34:9798       _blockstarts
 3B34:E6F5       _bombonerror
 3B34:A25E       _bonuscount
 3B34:EC74       _bordercolor
 0624:025D idle  _BossKey
 0000:1E0C idle  _brk
 3B34:E687       _btnstate
 3B34:EE0A       _bufferheight
 3B34:5115       _bufferofs
 3B34:E685       _bufferseg
 3B34:EE0C       _bufferwidth
 0FE6:01CA idle  _BuildCompScale
 044B:0C51 idle  _BuildTables
 3B34:EC6E       _Button0
 3B34:EC6C       _Button1
 3B34:A346       _buttonheld
 3B34:1192       _buttonjoy
 3B34:118A       _buttonmouse
 3B34:1178       _buttonscan
 3B34:A32C       _buttonstate
 0588:069F idle  _CacheLayoutGraphics
 0624:2E26       _CacheLump
 0E32:0286 idle  _CalcHeight
 044B:0D98 idle  _CalcProjection
 0E32:0C23 idle  _CalcRotate
 0E32:146D       _CalcTics
 0624:153C idle  _CalibrateJoystick
 15AB:042E idle  _CAL_CarmackExpand
 15AB:0D98 idle  _CAL_ExpandGrChunk
 15AB:0052 idle  _CAL_GetGrChunkLength
 15AB:02D2 idle  _CAL_HuffExpand
 15AB:0287 idle  _CAL_OptimizeNodes
 15AB:0B06 idle  _CAL_SetupAudioFile
 15AB:073B idle  _CAL_SetupGrFile
 15AB:0959 idle  _CAL_SetupMapFile
 15AB:0C81       _CA_CacheAudioChunk
 15AB:0E53       _CA_CacheGrChunk
 15AB:106F       _CA_CacheMap
 15AB:12B0       _CA_CacheMarks
 15AB:0F83       _CA_CacheScreen
 15AB:1570 idle  _CA_CannotOpen
 15AB:1235 idle  _CA_ClearAllMarks
 15AB:1214 idle  _CA_ClearMarks
 15AB:11EE       _CA_DownLevel
 15AB:00BA       _CA_FarRead
 15AB:0101       _CA_FarWrite
 3B34:9D27       _ca_levelbit
 3B34:E682       _ca_levelnum
 15AB:0D17       _CA_LoadAllSounds
 15AB:020A idle  _CA_LoadFile
 15AB:0148 idle  _CA_ReadFile
 15AB:0545 idle  _CA_RLEWCompress
 15AB:0687 idle  _CA_RLEWexpand
 15AB:1284       _CA_SetAllPurge
 15AB:1258 idle  _CA_SetGrPurge
 15AB:0C58       _CA_Shutdown
 15AB:0C37       _CA_Startup
 15AB:11AC       _CA_UpLevel
 15AB:01B8       _CA_WriteFile
 0C72:05CF       _CenterWindow
 3B34:96D8       _centerx
 0624:3D12       _CheckForEpisodes
 0A10:10DD       _CheckHighScore
 0448:0004       _CheckIs386
 0C72:05FD idle  _CheckKeys
 1070:0F45       _CheckLine
 0624:3C5F idle  _CheckPause
 13B8:1BEE idle  _CheckPosition
 1070:11B2 idle  _CheckSight
 11CE:000D idle  _CheckWeaponChange
 3B34:DE7A       _chunkcomplen
 3B34:DE76       _chunkexplen
 3B34:D6B0       _ChunksInFile
 0624:3035 idle  _CleanupControlPanel
 0B30:0166       _ClearMemory
 0624:2E0B       _ClearMScreen
 0C72:0C91 idle  _ClearPaletteShifts
 0A10:000C       _ClearSplitVWB
 11CE:09C7 idle  _ClipMove
 0000:3105       _close
 12EE:035F idle  _CloseDoor
 0000:1E28       _clrscr
 11CE:0B9A idle  _Cmd_Fire
 11CE:0BEC idle  _Cmd_Use
 3B34:03BA idle  _color_hlite
 3B34:03C2 idle  _color_norml
 3B34:D690       _compatability
 3B34:00EE       _configname
 0624:3935 idle  _Confirm
 12EE:01AD idle  _ConnectAreas
 11CE:0041 idle  _ControlMovement
 3B34:E6A3       _Controls
 3B34:A344       _controlx
 3B34:A342       _controly
 0000:1E51       _coreleft
 3B34:156A       _costable
 0D7B:00C6 idle  _CountObjects
 0624:29B1 idle  _CP_ChangeView
 0624:02A7 idle  _CP_CheckQuick
 0624:1767 idle  _CP_Control
 0624:07B2 idle  _CP_EndGame
 0624:0F25 idle  _CP_LoadGame
 0624:0869 idle  _CP_NewGame
 0624:2BA9 idle  _CP_Quit
 0624:120D idle  _CP_SaveGame
 0624:0B11 idle  _CP_Sound
 0624:0808       _CP_ViewScores
 0000:3164       _creat
 3B34:0392 idle  _CtlItems
 202F:0000 idle  _CtlMenu
 3B34:EC6A       _CursorBad
 3B34:EC68       _CursorX
 3B34:EC66       _CursorY
 3B34:039C idle  _CusItems
 2082:0000 idle  _CusMenu
 0624:1D61 idle  _CustomControls
 1070:0E50       _DamageActor
 3B34:A260       _damagecount
 0D7B:078B       _DebugKeys
 0D7B:0002 idle  _DebugMemory
 3B34:A320       _DebugOk
 0624:1E40 idle  _DefineJoyBtns
 0624:1E7C idle  _DefineKeyBtns
 0624:1EB8 idle  _DefineKeyMove
 0624:1E04 idle  _DefineMouseBtns
 3B34:E6A1       _DemoBuffer
 3B34:A0F2       _demobuffer
 044B:1260 idle  _DemoLoop
 3B34:336E idle  _DemoMode
 3B34:1104       _demoname
 3B34:E69F       _DemoOffset
 3B34:A0FC       _demoplayback
 3B34:A0F8       _demoptr
 3B34:A0FE       _demorecord
 3B34:E69D       _DemoSize
 3B34:1828 idle  _diagonal
 0B30:1022 idle  _Died
 3B34:EB34       _DigiLastEnd
 3B34:EB36       _DigiLastStart
 3B34:EB3A       _DigiLeft
 3B34:D694       _DigiList
 3B34:99C8       _DigiMap
 3B34:9A78       _DigiMode
 3B34:EB4E       _DigiNumber
 3B34:EB38       _DigiPage
 3B34:EB66       _DigiPlaying
 3B34:EB4A       _DigiPriority
 3B34:00DC       _dirangle
 3B34:4527       _directvideo
 3B34:1170       _dirscan
 3B34:1B52 idle  _dirtable
 044B:03BD idle  _DiskFlopAnim
 3B34:9B88       _displayofs
 0C72:0DD5 idle  _DoActor
 044B:03EC idle  _DoChecksum
 12EE:0794 idle  _DoorClosing
 3B34:D6A6       _doornum
 3B34:84FE       _doorobjlist
 12EE:060D idle  _DoorOpen
 12EE:063B idle  _DoorOpening
 3B34:5169       _doorposition
 0B30:0AB3       _DrawAllPlayBorder
 0B30:0A83       _DrawAllPlayBorderSides
 11CE:0568       _DrawAmmo
 0624:2B28 idle  _DrawChangeView
 0624:1B94 idle  _DrawCtlScreen
 0624:2883 idle  _DrawCustJoy
 0624:2917 idle  _DrawCustKeybd
 0624:297F idle  _DrawCustKeys
 0624:27DC idle  _DrawCustMouse
 0624:24C0 idle  _DrawCustomScreen
 11CE:024C       _DrawFace
 0E32:0964 idle  _DrawFlats
 0624:35C2 idle  _DrawGun
 0624:358D idle  _DrawHalfStep
 11CE:0391       _DrawHealth
 0A10:0F07       _DrawHighScores
 11CE:04EA       _DrawKeys
 11CE:0434       _DrawLevel
 11CE:0452       _DrawLives
 0624:10D3 idle  _DrawLoadSaveScreen
 0624:0E9F idle  _DrawLSAction
 0624:01B8 idle  _DrawMainMenu
 0624:36A8 idle  _DrawMenu
 0624:3C9F idle  _DrawMenuGun
 0624:186F idle  _DrawMouseSens
 0624:09B7 idle  _DrawNewEpisode
 0624:0A68 idle  _DrawNewGame
 0624:0AF7 idle  _DrawNewGameDiff
 0624:2EBC idle  _DrawOutline
 040C:025D idle  _DrawPlanes
 0B30:0AE4       _DrawPlayBorder
 0B30:09F7 idle  _DrawPlayBorderSides
 0E32:1084 idle  _DrawPlayerWeapon
 0B30:0BB1       _DrawPlayScreen
 0E32:0C9F idle  _DrawScaleds
 11CE:048C       _DrawScore
 0624:0CA3 idle  _DrawSoundMenu
 040C:001E idle  _DrawSpans
 0E32:0EB2 idle  _DrawStatusText
 0624:3CD2       _DrawStripes
 11CE:04D1       _DrawWeapon
 0624:2E84 idle  _DrawWindow
 1070:0B0C idle  _DropItem
 3B34:A264       _dummyobj
 3B34:0D74 idle  _ElevatorBackTo
 3B34:34B2 idle  _EMMDriverName
 3B34:E751       _EMSAvail
 3B34:E74F       _EMSHandle
 3B34:E733       _EMSList
 3B34:E74D       _EMSPageFrame
 3B34:A0D6       _EMSPagesAvail
 3B34:E721       _EMSPagesUsed
 3B34:E74B       _EMSPhysicalPage
 3B34:A0DA       _EMSPresent
 3B34:02D2 idle  _endextern
 3B34:02E3       _endfilename
 1FCA:0000 idle  _endStrings
 0588:0921       _EndText
 0624:1EF4 idle  _EnterCtrlData
 3B34:4578       _environ
 3B34:03CA idle  _EpisodeSelect
 0624:3514 idle  _EraseGun
 3B34:00C3       _errno
 0000:11F6       _exit
 3B34:9E91       _extension
 3B34:A358       _extravbls
 3B34:A322       _facecount
 3B34:5102       _facedistmod
 0000:2582       _farcoreleft
 0000:2161       _farfree
 3B34:E709       _farheap
 0000:226B       _farmalloc
 3B34:847E       _farmapylookup
 0000:23C8 idle  _farrealloc
 0E32:0381       _FarScalePost
 3B34:D6C5       _farthest
 3B34:EC72       _fastpalette
 0000:31D6       _fflush
 0000:32B7       _filelength
 0000:3257       _findfirst
 0000:328A       _findnext
 311C:0000       _finetangent
 0B30:0CA6 idle  _FinishDemoRecord
 0C72:0DAB       _FinishPaletteShifts
 044B:0F0E idle  _FinishSignon
 1070:1274 idle  _FirstSighting
 0E32:0008       _FixedByFrac
 040C:0000 idle  _FixedMul
 0E32:14C1       _FixOfs
 0624:2340 idle  _FixupCustom
 1C84:07B1       _FizzleFade
 3B34:A10E       _fizzlein
 0000:32F8       _flushall
 3B34:96DC       _focallength
 3B34:D82F       _focaltx
 3B34:D82D       _focalty
 3B34:9D24       _fontcolor
 3B34:9D22       _fontnumber
 0000:3332       _fprintf
 0000:37DB       _fputc
 0000:3911 idle  _fputchar
 3B34:A328       _frameon
 0000:28DB       _free
 3B34:1560       _freelatch
 0624:3BF8       _FreeMusic
 0000:33A5       _fseek
 0000:340D idle  _ftell
 3B34:D83D       _fullscalefarcall
 0B30:1233       _GameLoop
 3B34:2F64       _gamepal
 3B34:EB6A       _Games
 3B34:9406       _gamestate
 3B34:3285 idle  _gdictname
 11CE:05CE       _GetBonus
 0000:34D4       _getenv
 0C72:09C4       _GetNewActor
 0000:261B       _gettext
 0000:126E       _getvect
 3B34:327B idle  _gfilename
 3B34:3271 idle  _gheadname
 11CE:0584 idle  _GiveAmmo
 11CE:046E idle  _GiveExtraMan
 11CE:05B9 idle  _GiveKey
 11CE:04A5       _GivePoints
 11CE:053F       _GiveWeapon
 3B34:A0EA       _globalsoundx
 3B34:A0E6       _globalsoundy
 3B34:A35C       _godmode
 3B34:DE6C       _gotgatgun
 0000:25D2       _gotoxy
 15AB:000C idle  _GRFILEPOS
 3B34:DE82       _grhandle
 3B34:E280       _grhuffman
 31FD:0000       _grneeded
 3B34:9B8A       _grsegs
 3B34:E67E       _grstarts
 11CE:0E4A idle  _GunAttack
 3B34:EB60       _HackCount
 3B34:00DA idle  _halfheight
 0588:00F8 idle  _HandleCommand
 0588:03B5 idle  _HandleCtrls
 0624:304D idle  _HandleMenu
 0588:03D5 idle  _HandleWord
 0000:26C3       _harderr
 0000:26D5 idle  _hardresume
 0000:26E3 idle  _hardretn
 11CE:040D       _HealSelf
 3B34:944A       _heightnumerator
 3B34:02D4 idle  _helpextern
 3B34:02D6 idle  _helpfilename
 0588:089A idle  _HelpScreens
 0E32:05BC       _HitHorizDoor
 0E32:07BC       _HitHorizPWall
 0E32:04A1       _HitHorizWall
 0E32:06BA       _HitVertDoor
 0E32:0890       _HitVertPWall
 0E32:0389       _HitVertWall
 3B34:526E       _horizwall
 3B34:D6B2       _i
 3B34:9E8C       _ingame
 0C72:097D       _InitActorList
 12EE:01E6       _InitAreas
 044B:0F83 idle  _InitDigiMap
 12EE:020E       _InitDoorList
 044B:0FA4 idle  _InitGame
 0C72:0B21       _InitRedShifts
 12EE:0005       _InitStaticList
 1707:01E7       _INL_GetJoyDelta
 3B34:DC58       _insetupscaling
 3B34:D7F7       _introphase
 0624:2C32 idle  _IntroScreen
 3B34:D7F8       _introstep
 1707:0AB8       _IN_Ack
 1707:0A5F       _IN_CheckAck
 1707:0691       _IN_ClearKeysDown
 1707:0619 idle  _IN_Default
 1707:014E       _IN_GetJoyAbs
 1707:0349 idle  _IN_GetJoyButtonsDB
 0624:3C1B idle  _IN_GetScanName
 1707:0B11       _IN_JoyButtons
 1707:0AFA       _IN_MouseButtons
 1707:06B0       _IN_ReadControl
 1707:09C8 idle  _IN_SetControlType
 1707:0684 idle  _IN_SetKeyHook
 1707:0494       _IN_SetupJoy
 1707:0658       _IN_Shutdown
 1707:0A10       _IN_StartAck
 1707:057B       _IN_Startup
 1707:0AC9       _IN_UserInput
 1707:09F5       _IN_WaitForASCII
 1707:09D9 idle  _IN_WaitForKey
 0000:2817       _ioctl
 3B34:96E0       _IsA386
 0000:1431       _isatty
 0000:3533       _itoa
 3B34:D6B6       _ix
 3B34:D6B4       _iy
 0448:002C       _jabhack2
 3B34:00FC idle  _JHParmStrings
 3B34:E6AB       _JoyDefs
 3B34:52F4       _joypadenabled
 3B34:E69B       _JoyPadPresent
 3B34:9A82       _JoysPresent
 3B34:52F6       _joystickenabled
 3B34:52F0       _joystickport
 3B34:52F2       _joystickprogressive
 3B34:3364 idle  _KbdDefs
 3B34:9A88       _Keyboard
 1070:0B9F idle  _KillActor
 3B34:A100       _killerobj
 11CE:0DCD idle  _KnifeAttack
 3B34:9E8E       _LastASCII
 3B34:DE6A       _LastAttacker
 3B34:A0F4       _lastdemoptr
 3B34:DE72       _lastdoorobj
 3B34:D833       _lastintercept
 3B34:B362       _lastobj
 3B34:9D1D       _LastScan
 3B34:D837       _lastside
 3B34:877E       _laststatobj
 3B34:D831       _lasttilehit
 3B34:9D2A       _lasttimecount
 1C84:063F       _LatchDrawPic
 11CE:030A idle  _LatchNumber
 3B34:A118       _latchpics
 3B34:9CC8       _layoutdone
 3B34:A0E4       _leftchannel
 3B34:9CF6       _leftmargin
 3B34:3E9C idle  _leftmasks
 3B34:EB48       _LeftPosition
 3B34:0F42 idle  _lefttable
 0A10:04CE       _LevelCompleted
 3B34:9748       _LevelRatios
 3B34:DC4C       _linecmds
 3B34:DC48       _linescale
 3B34:EE06       _linewidth
 3B34:99C2       _loadedgame
 1C84:0697       _LoadLatchMem
 044B:082A       _LoadTheGame
 3B34:EB3E       _LocalTime
 0000:14DC       _lseek
 3B34:0388 idle  _LSItems
 2067:0000 idle  _LSMenu
 0000:3575       _ltoa
 3B34:D68E       _madenoise
 044B:13A1       _main
 3B34:0374       _MainItems
 3B34:E81D       _MainMemPages
 3B34:E755       _MainMemUsed
 1FF7:0000       _MainMenu
 3B34:E753       _MainPagesAvail
 3B34:E71F       _MainPagesUsed
 3B34:E8E5       _MainPresent
 0000:29AA       _malloc
 3B34:D6C3       _mapcolor
 3B34:DE80       _maphandle
 3B34:A1E0       _mapheaderseg
 3B34:A112       _mapheight
 3B34:1724       _mapmasks1
 3B34:1744       _mapmasks2
 3B34:1764       _mapmasks3
 3B34:A0E0       _mapon
 3B34:D69C       _maporgx
 3B34:D69A       _maporgy
 0441:000E       _MapRow
 3B34:A258       _mapsegs
 3B34:A114       _mapwidth
 3B34:A2A0       _mapwidthtable
 3B34:D6C1       _mapx
 3B34:D6BF       _mapy
 3B34:DC45       _mask1
 3B34:DC44       _mask2
 3B34:DC43       _mask3
 3B34:DC46       _maskword
 0000:0EDE       _matherr
 3B34:DC5A       _maxscale
 3B34:D83B       _maxscaleshl2
 3B34:944E       _maxslope
 3B34:0594 idle  _mbarray
 0000:359A       _memcpy
 3B34:5113       _menuitems
 0624:3A43       _Message
 3B34:3299 idle  _mfilename
 3B34:328F idle  _mheadname
 3B34:D827       _midangle
 3B34:1566 idle  _mindist
 3B34:9448       _minheightdiv
 3B34:D839       _min_wallheight
 3B34:4832       _mirrorofs
 38C7:0000       _mmblocks
 3B34:A0DE       _mmerror
 3B34:E6FF       _mmfree
 3B34:E703       _mmhead
 3B34:9CB4       _mminfo
 17B9:0006 idle  _MML_CheckForXMS
 17B9:01EA idle  _MML_ClearBlock
 17B9:0021 idle  _MML_SetupXMS
 17B9:008D idle  _MML_ShutdownXMS
 17B9:00BC       _MML_UseSpace
 3B34:E6F7       _mmnew
 3B34:E6FB       _mmrover
 3B34:E70D       _mmstarted
 17B9:09EC       _MM_BombOnError
 17B9:0637       _MM_FreePtr
 17B9:0416       _MM_GetPtr
 17B9:0734       _MM_SetLock
 17B9:06CF       _MM_SetPurge
 17B9:03F1       _MM_Shutdown
 17B9:079D       _MM_SortMem
 17B9:0240       _MM_Startup
 17B9:097C       _MM_TotalFree
 17B9:0923       _MM_UnusedMemory
 3B34:96D2       _mouseadjustment
 3B34:E697       _MouseDownCount
 3B34:52F8       _mouseenabled
 3B34:9A86       _MousePresent
 0624:1988 idle  _MouseSensitivity
 3B34:A340       _mouseturnx
 3B34:A33E       _mouseturny
 0000:35B9       _movedata
 12EE:08B8       _MoveDoors
 1070:095D       _MoveObj
 3B34:05C4 idle  _moveorder
 12EE:0AA5       _MovePWalls
 0000:283E       _movetext
 3B34:4826       _mr_count
 3B34:481C       _mr_dest
 3B34:4828       _mr_rowofs
 3B34:4820       _mr_xfrac
 3B34:4824       _mr_xstep
 3B34:481E       _mr_yfrac
 3B34:4822       _mr_ystep
 044B:0F1F       _MS_CheckParm
 3B34:9A76       _MusicMode
 3B34:E707       _nearheap
 3B34:83FE       _nearmapylookup
 3B34:EB62       _NeedsDigitized
 3B34:EB68       _NeedsMusic
 3B34:9402       _new
 3B34:03A6 idle  _NewEitems
 203F:0000 idle  _NewEmenu
 044B:036F       _NewGame
 3B34:03B0 idle  _NewItems
 0588:035A idle  _NewLine
 205C:0000 idle  _NewMenu
 1070:00B0       _NewState
 044B:11BB       _NewViewSize
 3B34:EB5A       _nextsoundpos
 3B34:A35A       _noclip
 3B34:96E2       _nospr
 3B34:01CE idle  _nosprtxt
 3B34:99C0       _NoWait
 3B34:D696       _NumDigi
 3B34:9D14       _numpages
 3B34:E6EF       _numUMBs
 3B34:B364       _obj
 3B34:A262       _objcount
 3B34:B360       _objfreelist
 3B34:B366       _objlist
 3B34:DE74       _oldsoundmode
 0000:3606       _open
 12EE:0336       _OpenDoor
 12EE:0599       _OperateDoor
 3B34:1816 idle  _opposite
 3B34:05A0 idle  _order
 3B34:34A8 idle  _PageFile
 3B34:349A       _PageFileName
 0588:0483 idle  _PageLayout
 3B34:9D16       _pagenum
 3B04:0000       _palette1
 3AD4:0000       _palette2
 3B34:A25C       _palshifted
 0588:001D idle  _ParseNumber
 0588:006F idle  _ParsePicCommand
 0588:008D idle  _ParseTimedCommand
 044B:0311 idle  _Patch386
 3B34:9E8F       _Paused
 3B34:EB1F       _pcLastSample
 3B34:EB17       _pcLengthLeft
 3B34:482A       _pcos
 3B34:EB1B       _pcSound
 3B34:E919       _pcSoundLookup
 3B34:EE08       _pelpan
 3B34:9CCA       _picdelay
 3B34:9D28       _pickquick
 3B34:9CCC       _picnum
 3B34:9D25       _pictable
 0D7B:01C4       _PicturePause
 3B34:9CD0       _picx
 3B34:9CCE       _picy
 3B34:9452       _pixelangle
 3B34:3E98 idle  _pixmasks
 3B34:D811       _pixx
 12EE:00D7       _PlaceItemType
 1DB9:0000       _planepics
 3B34:48FA       _planeylookup
 0B30:0EB4       _PlayDemo
 3B34:9400       _player
 3B34:DE66       _playerxmove
 3B34:DE62       _playerymove
 0C72:0F5E       _PlayLoop
 0B30:00F6       _PlaySoundLocGlobal
 3B34:9404       _playstate
 3B34:DE60       _plux
 3B34:DE5E       _pluy
 3B34:E719       _PMFrameCount
 1858:0670 idle  _PML_ClosePageFile
 1858:0A00 idle  _PML_GetAPageBuffer
 1858:06A7 idle  _PML_GetEMSAddress
 1858:0B06 idle  _PML_GetPageFromXMS
 1858:07B2 idle  _PML_GiveLRUPage
 1858:0836 idle  _PML_GiveLRUXMSPage
 1858:0B86 idle  _PML_LoadPage
 1858:0007 idle  _PML_MapEMS
 1858:04BA idle  _PML_OpenPageFile
 1858:088B idle  _PML_PutPageInXMS
 1858:043F idle  _PML_ReadFromFile
 1858:0139 idle  _PML_ShutdownEMS
 1858:0418 idle  _PML_ShutdownMainMem
 1858:0265 idle  _PML_ShutdownXMS
 1858:0029 idle  _PML_StartupEMS
 1858:03A0 idle  _PML_StartupMainMem
 1858:015C idle  _PML_StartupXMS
 1858:0933 idle  _PML_TransferPageSpace
 1858:01CE idle  _PML_XMSCopy
 3B34:E71D       _PMNumBlocks
 3B34:D6A8       _PMPages
 3B34:E727       _PMPanicMode
 3B34:E717       _PMSegPages
 3B34:D6AC       _PMSoundStart
 3B34:D6AE       _PMSpriteStart
 3B34:E729       _PMStarted
 3B34:E725       _PMThrashing
 1858:02B3       _PM_CheckMainMem
 1858:0BD1       _PM_GetPage
 1858:075F       _PM_GetPageAddress
 1858:0EFD       _PM_NextFrame
 1858:0CB0       _PM_Preload
 1858:0F64 idle  _PM_Reset
 1858:028A       _PM_SetMainMemPurge
 1858:0C81       _PM_SetPageLock
 1858:1078       _PM_Shutdown
 1858:0FCB       _PM_Startup
 0C72:03C1 idle  _PollControls
 0C72:0077 idle  _PollJoystickButtons
 0C72:0250 idle  _PollJoystickMove
 0C72:000C idle  _PollKeyboardButtons
 0C72:0108 idle  _PollKeyboardMove
 0C72:0033 idle  _PollMouseButtons
 0C72:0214 idle  _PollMouseMove
 3B34:D6A2       _postsource
 3B34:D69E       _postwidth
 3B34:D6A0       _postx
 0000:0ED3       _pow10
 0A10:0EA3       _PreloadGraphics
 0A10:0E0E idle  _PreloadUpdate
 0624:2839 idle  _PrintCustJoy
 0624:28E0 idle  _PrintCustKeybd
 0624:2949 idle  _PrintCustKeys
 0624:2792 idle  _PrintCustMouse
 0000:37AB       _printf
 0624:1181 idle  _PrintLSEntry
 3B34:9E8A       _PrintX
 3B34:9E88       _PrintY
 3B34:E680       _profilehandle
 13B8:004E idle  _ProjectileTryMove
 3B34:482E       _psin
 3B34:51E9       _puplast
 3B34:51EA       _pupphase
 3B34:51EB       _pupstep
 12EE:090B       _PushWall
 0000:3ACB       _puts
 0000:266F       _puttext
 3B34:5117       _pwalldir
 3B34:51EC       _pwallpos
 3B34:5167       _pwallstate
 3B34:511B       _pwallx
 3B34:5119       _pwally
 3B34:9D20       _px
 3B34:9D1E       _py
 044B:11FF       _Quit
 3B34:0102 idle  _radtoint
 0000:3BE4       _read
 0624:37D8 idle  _ReadAnyControl
 044B:000F idle  _ReadConfig
 0000:2B03 idle  _realloc
 0B30:0D74       _RecordDemo
 12EE:0161 idle  _RecursiveConnect
 37A7:0000       _redshifts
 0C72:0A25 idle  _RemoveObj
 3B34:D6BC       _repeat
 3B34:A0E2       _rightchannel
 3B34:9CD8       _rightmargin
 3B34:3EA0 idle  _rightmasks
 3B34:EB46       _RightPosition
 3B34:0D80 idle  _righttable
 0588:000A idle  _RipToEOL
 1FB9:0002 idle  _rndtable
 3B34:9CD2       _rowon
 3B34:A326       _running
 3B34:9D2E       _SaveGameNames
 3B34:9E70       _SaveGamesAvail
 3B34:03D8 idle  _SaveName
 044B:0435       _SaveTheGame
 3B34:EB64       _SBProPresent
 0000:1E18 idle  _sbrk
 3B34:510A       _scale
 3B34:DC5C       _scaledirectory
 0FE6:0323 idle  _ScaleLine
 0E32:030E idle  _ScalePost
 0FE6:046D       _ScaleShape
 0B30:017F idle  _ScanInfoPlane
 3B34:3C24       _Scores
 3B34:D692       _screenfaded
 3B34:155A       _screenloc
 3B34:96DA       _screenofs
 3B34:3E92       _screenseg
 1961:0ACC       _SDL_DigitizedDone
 1ADD:000E       _SDL_IndicatePC
 1961:0814 idle  _SDL_LoadDigiSegment
 1961:0845 idle  _SDL_PlayDigiSegment
 1961:04A4 idle  _SDL_SBSetDMA
 1ADD:0006       _SDL_SetDS
 1961:0B9A idle  _SDL_SetupDigi
 1ADD:001B       _SDL_t0ExtremeAsmService
 1ADD:0095       _SDL_t0FastAsmService
 1ADD:02C7       _SDL_t0SlowAsmService
 1961:13F0 idle  _SD_Default
 1961:179A idle  _SD_FadeOutMusic
 1961:1705       _SD_MusicOff
 1961:16FA       _SD_MusicOn
 1961:17AB idle  _SD_MusicPlaying
 1961:0A0C idle  _SD_PlayDigitized
 1961:14D8       _SD_PlaySound
 1961:0939       _SD_Poll
 1961:14C1       _SD_PositionSound
 1961:0B36       _SD_SetDigiDevice
 1961:1085       _SD_SetMusicMode
 1961:09C5       _SD_SetPosition
 1961:0FF7       _SD_SetSoundMode
 1961:14B4 idle  _SD_SetUserHook
 1961:145F       _SD_Shutdown
 1961:1671       _SD_SoundPlaying
 1961:174E       _SD_StartMusic
 1961:10D7       _SD_Startup
 1961:0898       _SD_StopDigitized
 1961:16B6       _SD_StopSound
 1961:16ED       _SD_WaitSoundDone
 1070:073D       _SelectChaseDir
 1070:060F       _SelectDodgeDir
 13B8:1721 idle  _SelectPathDir
 1070:0895       _SelectRunDir
 0000:2FB8       _setblock
 040C:014C idle  _SetPlaneViewSize
 0B30:000D idle  _SetSoundLoc
 0624:3773 idle  _SetTextColor
 0624:2F21 idle  _SetupControlPanel
 0B30:066E       _SetupGameLevel
 0FE6:0018       _SetupScaling
 044B:0EB6 idle  _SetupWalls
 0000:3BE7       _setvbuf
 0000:127D       _setvect
 044B:10ED       _SetViewSize
 0D7B:02DD idle  _ShapeTest
 3B34:96D6       _shootdelta
 0624:3D03 idle  _ShootSnd
 0588:0788 idle  _ShowArticle
 044B:1172       _ShowViewSize
 044B:0C29       _ShutdownId
 1070:14C2       _SightPlayer
 209D:0000       _signon
 044B:0EDD idle  _SignonScreen
 0FE6:0781       _SimpleScaleShape
 0000:0F04       _sin
 3B34:A35E       _singlestep
 30AB:0000       _sintable
 3B34:DC50       _slinewidth
 3B34:DC52       _slinex
 3B34:037E idle  _SndItems
 200F:0000 idle  _SndMenu
 3B34:119A idle  _songs
 3B34:9A7C       _SoundBlasterPresent
 3B34:9A7A       _SoundMode
 3B34:EB50       _SoundNumber
 3B34:A116       _SoundPositioned
 3B34:EB4C       _SoundPriority
 3B34:9A7E       _SoundSourcePresent
 3B34:03D6 idle  _SoundStatus
 3B34:EB5E       _SoundTable
 3B34:4DAA       _spanstart
 13B8:1ACF       _SpawnBJVictory
 13B8:0461       _SpawnBoss
 13B8:0442       _SpawnDeadGuard
 12EE:0241       _SpawnDoor
 13B8:100C       _SpawnFakeHitler
 13B8:0991       _SpawnFat
 13B8:0843       _SpawnGhosts
 13B8:092C       _SpawnGift
 13B8:04B1       _SpawnGretel
 13B8:1071       _SpawnHitler
 1070:0000       _SpawnNewObj
 13B8:0501       _SpawnPatrol
 11CE:0D2F       _SpawnPlayer
 13B8:08C7       _SpawnSchabbs
 13B8:02A0       _SpawnStand
 12EE:0010       _SpawnStatic
 3B34:A104       _spearangle
 3B34:A102       _spearflag
 3B34:A10A       _spearx
 3B34:A106       _speary
 3B34:A360       _spotvis
 0000:3CE7       _sprintf
 3B34:E8F7       _sqActive
 3B34:E8F3       _sqHack
 3B34:E8ED       _sqHackLen
 3B34:E8EF       _sqHackPtr
 3B34:E8EB       _sqHackSeqLen
 3B34:E8E7       _sqHackTime
 3B34:EB30       _ssActive
 3B34:EB2E       _ssControl
 3B34:EB2A       _ssData
 3B34:EB5C       _ssIsTandy
 3B34:EB20       _ssLengthLeft
 3B34:EB32       _ssNoCheck
 3B34:EB28       _ssOff
 3B34:EB29       _ssOn
 3B34:3928 idle  _ssPort
 3B34:EB24       _ssSample
 3B34:EB2C       _ssStatus
 0C72:0C9E       _StartBonusFlash
 0624:3B71       _StartCPMusic
 0C72:0CA9       _StartDamageFlash
 0B30:0C54 idle  _StartDemoRecord
 3B34:9E6E       _StartGame
 3B34:96D4       _startgame
 3B34:1B64 idle  _starthitpoints
 0C72:0AAB       _StartMusic
 3B34:1A38 idle  _statinfo
 3B34:8780       _statobjlist
 11CE:01F5 idle  _StatusDrawPic
 3B34:DC54       _stepbytwo
 3B34:4C1A       _stepscale
 0C72:0A73       _StopMusic
 3B34:96F8       _str
 3B34:96E4       _str2
 3B34:1A16 idle  _strafeangle
 0000:3D20       _strlen
 0000:3D64       _strtol
 3B34:1926 idle  _s_attack
 3B34:2ECE idle  _s_bjjump1
 3B34:2EDE idle  _s_bjjump2
 3B34:2EEE idle  _s_bjjump3
 3B34:2EFE idle  _s_bjjump4
 3B34:2E6E idle  _s_bjrun1
 3B34:2E7E idle  _s_bjrun1s
 3B34:2E8E idle  _s_bjrun2
 3B34:2E9E idle  _s_bjrun3
 3B34:2EAE idle  _s_bjrun3s
 3B34:2EBE idle  _s_bjrun4
 3B34:1DF4       _s_blinkychase1
 3B34:1E04 idle  _s_blinkychase2
 3B34:1C64 idle  _s_boom1
 3B34:1C74 idle  _s_boom2
 3B34:1C84 idle  _s_boom3
 3B34:2484       _s_bosschase1
 3B34:2494 idle  _s_bosschase1s
 3B34:24A4 idle  _s_bosschase2
 3B34:24B4 idle  _s_bosschase3
 3B34:24C4 idle  _s_bosschase3s
 3B34:24D4 idle  _s_bosschase4
 3B34:24E4       _s_bossdie1
 3B34:24F4 idle  _s_bossdie2
 3B34:2504 idle  _s_bossdie3
 3B34:2514 idle  _s_bossdie4
 3B34:2524 idle  _s_bossshoot1
 3B34:2534 idle  _s_bossshoot2
 3B34:2544 idle  _s_bossshoot3
 3B34:2554 idle  _s_bossshoot4
 3B34:2564 idle  _s_bossshoot5
 3B34:2574 idle  _s_bossshoot6
 3B34:2584 idle  _s_bossshoot7
 3B34:2594 idle  _s_bossshoot8
 3B34:2474 idle  _s_bossstand
 3B34:1E54 idle  _s_clydechase1
 3B34:1E64 idle  _s_clydechase2
 3B34:2F0E       _s_deathcam
 3B34:1F24       _s_dogchase1
 3B34:1F34 idle  _s_dogchase1s
 3B34:1F44 idle  _s_dogchase2
 3B34:1F54 idle  _s_dogchase3
 3B34:1F64 idle  _s_dogchase3s
 3B34:1F74 idle  _s_dogchase4
 3B34:1FB4 idle  _s_dogdead
 3B34:1F84       _s_dogdie1
 3B34:1F94 idle  _s_dogdie2
 3B34:1FA4 idle  _s_dogdie3
 3B34:1ED4 idle  _s_dogjump1
 3B34:1EE4 idle  _s_dogjump2
 3B34:1EF4 idle  _s_dogjump3
 3B34:1F04 idle  _s_dogjump4
 3B34:1F14 idle  _s_dogjump5
 3B34:1E74 idle  _s_dogpath1
 3B34:1E84 idle  _s_dogpath1s
 3B34:1E94 idle  _s_dogpath2
 3B34:1EA4 idle  _s_dogpath3
 3B34:1EB4 idle  _s_dogpath3s
 3B34:1EC4 idle  _s_dogpath4
 3B34:2A76       _s_fakechase1
 3B34:2A86 idle  _s_fakechase1s
 3B34:2A96 idle  _s_fakechase2
 3B34:2AA6 idle  _s_fakechase3
 3B34:2AB6 idle  _s_fakechase3s
 3B34:2AC6 idle  _s_fakechase4
 3B34:2AD6       _s_fakedie1
 3B34:2AE6 idle  _s_fakedie2
 3B34:2AF6 idle  _s_fakedie3
 3B34:2B06 idle  _s_fakedie4
 3B34:2B16 idle  _s_fakedie5
 3B34:2B26 idle  _s_fakedie6
 3B34:2B36 idle  _s_fakeshoot1
 3B34:2B46 idle  _s_fakeshoot2
 3B34:2B56 idle  _s_fakeshoot3
 3B34:2B66 idle  _s_fakeshoot4
 3B34:2B76 idle  _s_fakeshoot5
 3B34:2B86 idle  _s_fakeshoot6
 3B34:2B96 idle  _s_fakeshoot7
 3B34:2BA6 idle  _s_fakeshoot8
 3B34:2BB6 idle  _s_fakeshoot9
 3B34:2A66 idle  _s_fakestand
 3B34:2936       _s_fatchase1
 3B34:2946 idle  _s_fatchase1s
 3B34:2956 idle  _s_fatchase2
 3B34:2966 idle  _s_fatchase3
 3B34:2976 idle  _s_fatchase3s
 3B34:2986 idle  _s_fatchase4
 3B34:2996 idle  _s_fatdeathcam
 3B34:29A6       _s_fatdie1
 3B34:29B6 idle  _s_fatdie2
 3B34:29C6 idle  _s_fatdie3
 3B34:29D6 idle  _s_fatdie4
 3B34:29E6 idle  _s_fatdie5
 3B34:29F6 idle  _s_fatdie6
 3B34:2A06 idle  _s_fatshoot1
 3B34:2A16 idle  _s_fatshoot2
 3B34:2A26 idle  _s_fatshoot3
 3B34:2A36 idle  _s_fatshoot4
 3B34:2A46 idle  _s_fatshoot5
 3B34:2A56 idle  _s_fatshoot6
 3B34:2926 idle  _s_fatstand
 3B34:2BC6 idle  _s_fire1
 3B34:2BD6 idle  _s_fire2
 3B34:2836       _s_giftchase1
 3B34:2846 idle  _s_giftchase1s
 3B34:2856 idle  _s_giftchase2
 3B34:2866 idle  _s_giftchase3
 3B34:2876 idle  _s_giftchase3s
 3B34:2886 idle  _s_giftchase4
 3B34:2896 idle  _s_giftdeathcam
 3B34:28A6       _s_giftdie1
 3B34:28B6 idle  _s_giftdie2
 3B34:28C6 idle  _s_giftdie3
 3B34:28D6 idle  _s_giftdie4
 3B34:28E6 idle  _s_giftdie5
 3B34:28F6 idle  _s_giftdie6
 3B34:2906 idle  _s_giftshoot1
 3B34:2916 idle  _s_giftshoot2
 3B34:2826 idle  _s_giftstand
 3B34:1D54       _s_grdchase1
 3B34:1D64 idle  _s_grdchase1s
 3B34:1D74 idle  _s_grdchase2
 3B34:1D84 idle  _s_grdchase3
 3B34:1D94 idle  _s_grdchase3s
 3B34:1DA4 idle  _s_grdchase4
 3B34:1DB4       _s_grddie1
 3B34:1DC4 idle  _s_grddie2
 3B34:1DD4 idle  _s_grddie3
 3B34:1DE4 idle  _s_grddie4
 3B34:1D04       _s_grdpain
 3B34:1D14       _s_grdpain1
 3B34:1CA4 idle  _s_grdpath1
 3B34:1CB4 idle  _s_grdpath1s
 3B34:1CC4 idle  _s_grdpath2
 3B34:1CD4 idle  _s_grdpath3
 3B34:1CE4 idle  _s_grdpath3s
 3B34:1CF4 idle  _s_grdpath4
 3B34:1D24 idle  _s_grdshoot1
 3B34:1D34 idle  _s_grdshoot2
 3B34:1D44 idle  _s_grdshoot3
 3B34:1C94 idle  _s_grdstand
 3B34:25B4       _s_gretelchase1
 3B34:25C4 idle  _s_gretelchase1s
 3B34:25D4 idle  _s_gretelchase2
 3B34:25E4 idle  _s_gretelchase3
 3B34:25F4 idle  _s_gretelchase3s
 3B34:2604 idle  _s_gretelchase4
 3B34:2614       _s_greteldie1
 3B34:2624 idle  _s_greteldie2
 3B34:2634 idle  _s_greteldie3
 3B34:2644 idle  _s_greteldie4
 3B34:2654 idle  _s_gretelshoot1
 3B34:2664 idle  _s_gretelshoot2
 3B34:2674 idle  _s_gretelshoot3
 3B34:2684 idle  _s_gretelshoot4
 3B34:2694 idle  _s_gretelshoot5
 3B34:26A4 idle  _s_gretelshoot6
 3B34:26B4 idle  _s_gretelshoot7
 3B34:26C4 idle  _s_gretelshoot8
 3B34:25A4 idle  _s_gretelstand
 3B34:2CF6       _s_hitlerchase1
 3B34:2D06 idle  _s_hitlerchase1s
 3B34:2D16 idle  _s_hitlerchase2
 3B34:2D26 idle  _s_hitlerchase3
 3B34:2D36 idle  _s_hitlerchase3s
 3B34:2D46 idle  _s_hitlerchase4
 3B34:2D56 idle  _s_hitlerdeathcam
 3B34:2D66       _s_hitlerdie1
 3B34:2DF6 idle  _s_hitlerdie10
 3B34:2D76 idle  _s_hitlerdie2
 3B34:2D86 idle  _s_hitlerdie3
 3B34:2D96 idle  _s_hitlerdie4
 3B34:2DA6 idle  _s_hitlerdie5
 3B34:2DB6 idle  _s_hitlerdie6
 3B34:2DC6 idle  _s_hitlerdie7
 3B34:2DD6 idle  _s_hitlerdie8
 3B34:2DE6 idle  _s_hitlerdie9
 3B34:2E06 idle  _s_hitlershoot1
 3B34:2E16 idle  _s_hitlershoot2
 3B34:2E26 idle  _s_hitlershoot3
 3B34:2E36 idle  _s_hitlershoot4
 3B34:2E46 idle  _s_hitlershoot5
 3B34:2E56 idle  _s_hitlershoot6
 3B34:1E14 idle  _s_inkychase1
 3B34:1E24 idle  _s_inkychase2
 3B34:2BF6       _s_mechachase1
 3B34:2C06 idle  _s_mechachase1s
 3B34:2C16 idle  _s_mechachase2
 3B34:2C26 idle  _s_mechachase3
 3B34:2C36 idle  _s_mechachase3s
 3B34:2C46 idle  _s_mechachase4
 3B34:2C56       _s_mechadie1
 3B34:2C66 idle  _s_mechadie2
 3B34:2C76 idle  _s_mechadie3
 3B34:2C86 idle  _s_mechadie4
 3B34:2C96 idle  _s_mechashoot1
 3B34:2CA6 idle  _s_mechashoot2
 3B34:2CB6 idle  _s_mechashoot3
 3B34:2CC6 idle  _s_mechashoot4
 3B34:2CD6 idle  _s_mechashoot5
 3B34:2CE6 idle  _s_mechashoot6
 3B34:2BE6 idle  _s_mechastand
 3B34:2204       _s_mutchase1
 3B34:2214 idle  _s_mutchase1s
 3B34:2224 idle  _s_mutchase2
 3B34:2234 idle  _s_mutchase3
 3B34:2244 idle  _s_mutchase3s
 3B34:2254 idle  _s_mutchase4
 3B34:2264       _s_mutdie1
 3B34:2274 idle  _s_mutdie2
 3B34:2284 idle  _s_mutdie3
 3B34:2294 idle  _s_mutdie4
 3B34:22A4 idle  _s_mutdie5
 3B34:21A4       _s_mutpain
 3B34:21B4       _s_mutpain1
 3B34:2144 idle  _s_mutpath1
 3B34:2154 idle  _s_mutpath1s
 3B34:2164 idle  _s_mutpath2
 3B34:2174 idle  _s_mutpath3
 3B34:2184 idle  _s_mutpath3s
 3B34:2194 idle  _s_mutpath4
 3B34:21C4 idle  _s_mutshoot1
 3B34:21D4 idle  _s_mutshoot2
 3B34:21E4 idle  _s_mutshoot3
 3B34:21F4 idle  _s_mutshoot4
 3B34:2134 idle  _s_mutstand
 3B34:27E6 idle  _s_needle1
 3B34:27F6 idle  _s_needle2
 3B34:2806 idle  _s_needle3
 3B34:2816 idle  _s_needle4
 3B34:2084       _s_ofcchase1
 3B34:2094 idle  _s_ofcchase1s
 3B34:20A4 idle  _s_ofcchase2
 3B34:20B4 idle  _s_ofcchase3
 3B34:20C4 idle  _s_ofcchase3s
 3B34:20D4 idle  _s_ofcchase4
 3B34:20E4       _s_ofcdie1
 3B34:20F4 idle  _s_ofcdie2
 3B34:2104 idle  _s_ofcdie3
 3B34:2114 idle  _s_ofcdie4
 3B34:2124 idle  _s_ofcdie5
 3B34:2034       _s_ofcpain
 3B34:2044       _s_ofcpain1
 3B34:1FD4 idle  _s_ofcpath1
 3B34:1FE4 idle  _s_ofcpath1s
 3B34:1FF4 idle  _s_ofcpath2
 3B34:2004 idle  _s_ofcpath3
 3B34:2014 idle  _s_ofcpath3s
 3B34:2024 idle  _s_ofcpath4
 3B34:2054 idle  _s_ofcshoot1
 3B34:2064 idle  _s_ofcshoot2
 3B34:2074 idle  _s_ofcshoot3
 3B34:1FC4 idle  _s_ofcstand
 3B34:1E34 idle  _s_pinkychase1
 3B34:1E44 idle  _s_pinkychase2
 3B34:1916 idle  _s_player
 3B34:1C14 idle  _s_rocket
 3B34:26F6       _s_schabbchase1
 3B34:2706 idle  _s_schabbchase1s
 3B34:2716 idle  _s_schabbchase2
 3B34:2726 idle  _s_schabbchase3
 3B34:2736 idle  _s_schabbchase3s
 3B34:2746 idle  _s_schabbchase4
 3B34:2756 idle  _s_schabbdeathcam
 3B34:2766       _s_schabbdie1
 3B34:2776 idle  _s_schabbdie2
 3B34:2786 idle  _s_schabbdie3
 3B34:2796 idle  _s_schabbdie4
 3B34:27A6 idle  _s_schabbdie5
 3B34:27B6 idle  _s_schabbdie6
 3B34:27C6 idle  _s_schabbshoot1
 3B34:27D6 idle  _s_schabbshoot2
 3B34:26E6 idle  _s_schabbstand
 3B34:1C24 idle  _s_smoke1
 3B34:1C34 idle  _s_smoke2
 3B34:1C44 idle  _s_smoke3
 3B34:1C54 idle  _s_smoke4
 3B34:23D4       _s_sschase1
 3B34:23E4 idle  _s_sschase1s
 3B34:23F4 idle  _s_sschase2
 3B34:2404 idle  _s_sschase3
 3B34:2414 idle  _s_sschase3s
 3B34:2424 idle  _s_sschase4
 3B34:2434       _s_ssdie1
 3B34:2444 idle  _s_ssdie2
 3B34:2454 idle  _s_ssdie3
 3B34:2464 idle  _s_ssdie4
 3B34:2324       _s_sspain
 3B34:2334       _s_sspain1
 3B34:22C4 idle  _s_sspath1
 3B34:22D4 idle  _s_sspath1s
 3B34:22E4 idle  _s_sspath2
 3B34:22F4 idle  _s_sspath3
 3B34:2304 idle  _s_sspath3s
 3B34:2314 idle  _s_sspath4
 3B34:2344 idle  _s_ssshoot1
 3B34:2354 idle  _s_ssshoot2
 3B34:2364 idle  _s_ssshoot3
 3B34:2374 idle  _s_ssshoot4
 3B34:2384 idle  _s_ssshoot5
 3B34:2394 idle  _s_ssshoot6
 3B34:23A4 idle  _s_ssshoot7
 3B34:23B4 idle  _s_ssshoot8
 3B34:23C4 idle  _s_ssshoot9
 3B34:22B4 idle  _s_ssstand
 3B34:EB42       _t0OldService
 11CE:03AD       _TakeDamage
 0000:0F51       _tan
 3B34:99C6       _tedlevel
 3B34:99C4       _tedlevelnum
 3B34:D6BE       _tempweaponframe
 3B34:9CD4       _text
 0E32:15F7       _ThreeDRefresh
 11CE:0ABD idle  _Thrust
 3B34:DE6E       _thrustspeed
 0624:3675 idle  _TicDelay
 3B34:A110       _tics
 3B34:1562       _tileglobal
 3B34:D813       _tilehit
 3B34:73FE       _tilemap
 3B34:9D19       _TimeCount
 0588:00B2 idle  _TimedPicCommand
 3B34:EB52       _TimerCount
 3B34:EB56       _TimerDivisor
 3B34:EB3C       _TimerRate
 3B34:E683       _tinf
 0000:17A2       _tolower
 0000:17CE       _toupper
 0624:10AC idle  _TrackWhichGame
 0E32:0046 idle  _TransformActor
 0E32:014D idle  _TransformTile
 11CE:086A idle  _TryMove
 1070:00C8       _TryWalk
 3207:0000       _typemap
 11CE:1006 idle  _T_Attack
 13B8:1A34 idle  _T_Bite
 13B8:1BE3 idle  _T_BJDone
 13B8:1BA2 idle  _T_BJJump
 13B8:1B1A idle  _T_BJRun
 13B8:1BC7 idle  _T_BJYell
 13B8:1356 idle  _T_Chase
 13B8:1617 idle  _T_DogChase
 13B8:1287 idle  _T_Fake
 13B8:1192 idle  _T_FakeFire
 13B8:0EA8 idle  _T_Fat
 13B8:1583 idle  _T_Ghosts
 13B8:0D44 idle  _T_Gift
 13B8:0AEB idle  _T_GiftThrow
 13B8:176B idle  _T_Path
 11CE:118D idle  _T_Player
 13B8:00E4 idle  _T_Projectile
 13B8:0BE0 idle  _T_Schabb
 13B8:09F6 idle  _T_SchabbThrow
 13B8:187C idle  _T_Shoot
 13B8:1346 idle  _T_Stand
 0000:355B       _ultoa
 3B34:E6DB       _UMBbase
 0624:2E45       _UnCacheLump
 0000:17FA       _unlink
 3B34:52FA       _update
 11CE:02C4 idle  _UpdateFace
 0C72:0CB5 idle  _UpdatePaletteShifts
 3B34:99BA       _updateptr
 0B30:0139       _UpdateSoundLoc
 3B34:3C20 idle  _USL_DrawString
 1B1C:0002 idle  _USL_HardError
 3B34:3C1C       _USL_MeasureString
 1B1C:0363 idle  _USL_PrintInCenter
 1B1C:05F6 idle  _US_CenterWindow
 1B1C:01CA       _US_CheckParm
 1B1C:04B5       _US_ClearWindow
 0624:0009       _US_ControlPanel
 1B1C:0456       _US_CPrint
 1B1C:03FD idle  _US_CPrintLine
 1B1C:04E0       _US_DrawWindow
 1BCF:000C       _US_InitRndT
 1B1C:0709       _US_LineInput
 1B1C:0285       _US_Print
 1B1C:03BD       _US_PrintCentered
 1B1C:0340 idle  _US_PrintSigned
 1B1C:031D       _US_PrintUnsigned
 1B1C:0647 idle  _US_RestoreWindow
 1BCF:0034       _US_RndT
 1B1C:061A idle  _US_SaveWindow
 1B1C:0270 idle  _US_SetPrintRoutines
 1B1C:01B8       _US_Shutdown
 1B1C:012D       _US_Startup
 3B34:99A0       _uwidthtable
 3B34:51EE       _vertwall
 3B34:156E idle  _vgaCeiling
 0E32:0BD5 idle  _VGAClearScreen
 1D3C:0004       _VH_UpdateScreen
 0A10:0039       _Victory
 11CE:0F67 idle  _VictorySpin
 11CE:0AAD idle  _VictoryTile
 3B34:DC41       _viewangle
 3B34:4E72       _viewcos
 3B34:510E       _viewheight
 3B34:4E76       _viewsin
 3B34:52EE       _viewsize
 3B34:D82B       _viewtx
 3B34:D829       _viewty
 3B34:D698       _viewtype
 3B34:5110       _viewwidth
 3B34:4E7E       _viewx
 3B34:4E7A       _viewy
 3B34:D6CB       _vislist
 3B34:D6C9       _visptr
 3B34:D6C7       _visstep
 1BD3:064B       _VL_Bar
 1BD3:00A0 idle  _VL_ClearVideo
 1BD3:04AC       _VL_ColorBorder
 1BD3:00CA idle  _VL_DePlaneVGA
 1BD3:0A3E idle  _VL_DrawLatch8String
 1BD3:0921 idle  _VL_DrawTile8String
 1BD3:037D       _VL_FadeIn
 1BD3:025F       _VL_FadeOut
 1BD3:01A1 idle  _VL_FillPalette
 1BD3:01E1 idle  _VL_GetColor
 1BD3:023E idle  _VL_GetPalette
 1BD3:050B       _VL_Hlin
 1BD3:08B8       _VL_LatchToScreen
 1BD3:0832 idle  _VL_MaskedToScreen
 1BD3:074C       _VL_MemToLatch
 1BD3:079F       _VL_MemToScreen
 1C84:0243 idle  _VL_MungePic
 1BD3:04C0       _VL_Plot
 1D13:00A8       _VL_ScreenToScreen
 1BD3:01C6 idle  _VL_SetColor
 1D13:0017 idle  _VL_SetCRTC
 1BD3:0121 idle  _VL_SetLineWidth
 1BD3:020C       _VL_SetPalette
 1D13:003B       _VL_SetScreen
 1BD3:0155 idle  _VL_SetSplitScreen
 1BD3:0096 idle  _VL_SetTextMode
 1BD3:0073       _VL_SetVGAPlaneMode
 1BD3:0069       _VL_Shutdown
 1BD3:0AEA idle  _VL_SizeTile8String
 1BD3:000F       _VL_Startup
 1BD3:0451       _VL_TestPaletteSet
 1D13:0128       _VL_VideoID
 1BD3:05E4       _VL_Vlin
 1D13:0000       _VL_WaitVBL
 0000:3D04 idle  _vsprintf
 1C84:0566       _VWB_Bar
 1C84:04C5       _VWB_DrawPic
 1C84:0531       _VWB_DrawPropString
 1C84:0439       _VWB_DrawTile8
 1C84:047E idle  _VWB_DrawTile8M
 1C84:05CD       _VWB_Hlin
 1C84:05A2       _VWB_Plot
 1C84:0601       _VWB_Vlin
 1C84:02FE idle  _VWL_MeasureString
 1C84:011F idle  _VW_DrawColorPropString
 1C84:0003 idle  _VW_DrawPropString
 1C84:037E       _VW_MarkUpdateBlock
 1C84:035E idle  _VW_MeasureMPropString
 1C84:033E       _VW_MeasurePropString
 1C84:0635       _VW_UpdateScreen
 0624:37A8 idle  _WaitKeyUp
 3B34:4E82       _wallheight
 0E32:14E4 idle  _WallRefresh
 3B34:15E6 idle  _weaponscale
 0000:303B idle  _wherex
 0000:304A idle  _wherey
 3687:0000       _whiteshifts
 3B34:9E84       _WindowH
 3B34:99BC       _WindowW
 3B34:99BE       _WindowX
 3B34:9E86       _WindowY
 3B34:1784 idle  _wordmasks
 3B34:DC56       _work
 0A10:037C       _Write
 0000:3F81       _write
 044B:0213 idle  _WriteConfig
 3B34:D6BA       _x
 3B34:D805       _xintercept
 3B34:D817       _xinttile
 3B34:E6F1       _XMSaddr
 3B34:E731       _XMSAvail
 3B34:E72B       _XMSDriver
 3B34:E72F       _XMSHandle
 3B34:A0D8       _XMSPagesAvail
 3B34:E723       _XMSPagesUsed
 3B34:A0DC       _XMSPresent
 3B34:3498 idle  _XMSProtectPage
 3B34:D823       _xpartial
 3B34:D81D       _xpartialdown
 3B34:D81F       _xpartialup
 3B34:D7FD       _xstep
 3B34:D80F       _xtile
 3B34:D80B       _xtilestep
 3B34:D6B8       _y
 3B34:D801       _yintercept
 3B34:D815       _yinttile
 3B34:EC76       _ylookup
 3B34:D821       _ypartial
 3B34:D819       _ypartialdown
 3B34:D81B       _ypartialup
 3B34:D7F9       _ystep
 3B34:D80D       _ytile
 3B34:D809       _ytilestep
 3B34:5112       _zoom
 3B34:3EE0       __8087
 0000:1000 idle  __AHINCR
 0000:000C idle  __AHSHIFT
 3B34:456A       __argc
 3B34:456C       __argv
 3B34:41D0       __atexitcnt
 3B34:478A       __atexittbl
 0000:24B8       __brk
 3B34:00D1       __brklvl
 3B34:00B3       __C0argc
 3B34:00B5       __C0argv
 0000:1F24 idle  __c0crtinit
 3B34:00B7       __C0environ
 0000:1217 idle  __cexit
 0000:0189       __checknull
 0000:30EA       __chmod
 0000:0176       __cleanup
 0000:312D       __close
 0000:1F41 idle  __crtinit
 3B34:41D2       __ctype
 0000:0000  Abs  __cvtfak
 0000:1225 idle  __c_exit
 3B34:3EF4       __default87
 3B34:4452       __doserrno
 0000:141F       __DOSERROR
 3B34:4454 idle  __dosErrorToSV
 0000:1145       __dos_getdiskfree
 0000:117B       __dos_write
 3B34:40C0       __emu
 3B34:00B9       __envLng
 3B34:00BB       __envseg
 3B34:00BD       __envSize
 0000:1205       __exit
 3B34:42D4       __exitbuf
 3B34:42D8 idle  __exitfopen
 3B34:42DC       __exitopen
 3B34:4564 idle  __first
 0000:8087 idle  __floatconvert
 0000:3FA7       __fmemcmp
 0000:3FCF       __fmemcpy
 0000:4017       __fmemset
 3B34:444A       __fmode
 0000:0D64       __fperror
 3B34:444E       __fpstklen
 0000:059A idle  __fpuint
 0000:37C2 idle  __fputc
 0000:3923       __FPUTN
 0000:3FF3 idle  __fsetmem
 0000:4036       __fstrcpy
 0000:405F       __fstricmp
 0000:40A0       __fstrlen
 0000:2771 idle  __harderr
 0000:279D       __hardresume
 0000:27B8       __hardretn
 3B34:00CD       __heapbase
 3B34:4450       __heaplen
 3B34:00D5       __heaptop
 3B34:3EFA       __huge_dble
 3B34:3EF6 idle  __huge_flt
 3B34:3F02 idle  __huge_ldble
 3B34:3F0C idle  __indefinite
 3B34:00A3 idle  __Int0Vector
 3B34:00A7 idle  __Int4Vector
 3B34:00AB idle  __Int5Vector
 3B34:00AF idle  __Int6Vector
 0000:13E6       __IOERROR
 3B34:4566 idle  __last
 3B34:3EF1       __LDT
 0000:05AB       __LDTRUNC
 0000:1442       __LONGTOA
 0000:0FA1       __matherr
 3B34:3F1A       __mathwhy
 0000:02B0 idle  __MMODEL
 3B34:4420       __nfile
 3B34:444C       __notUmask
 0000:375E       __open
 3B34:4422       __openfd
 3B34:00C1       __osmajor
[...]
 3B34:20F4 idle  _s_ofcdie2
 3B34:2104 idle  _s_ofcdie3
 3B34:2114 idle  _s_ofcdie4
 3B34:2124 idle  _s_ofcdie5
 3B34:2134 idle  _s_mutstand
 3B34:2144 idle  _s_mutpath1
 3B34:2154 idle  _s_mutpath1s
 3B34:2164 idle  _s_mutpath2
 3B34:2174 idle  _s_mutpath3
 3B34:2184 idle  _s_mutpath3s
 3B34:2194 idle  _s_mutpath4
 3B34:21A4       _s_mutpain
 3B34:21B4       _s_mutpain1
 3B34:21C4 idle  _s_mutshoot1
 3B34:21D4 idle  _s_mutshoot2
 3B34:21E4 idle  _s_mutshoot3
 3B34:21F4 idle  _s_mutshoot4
 3B34:2204       _s_mutchase1
 3B34:2214 idle  _s_mutchase1s
 3B34:2224 idle  _s_mutchase2
 3B34:2234 idle  _s_mutchase3
 3B34:2244 idle  _s_mutchase3s
 3B34:2254 idle  _s_mutchase4
 3B34:2264       _s_mutdie1
 3B34:2274 idle  _s_mutdie2
 3B34:2284 idle  _s_mutdie3
 3B34:2294 idle  _s_mutdie4
 3B34:22A4 idle  _s_mutdie5
 3B34:22B4 idle  _s_ssstand
 3B34:22C4 idle  _s_sspath1
 3B34:22D4 idle  _s_sspath1s
 3B34:22E4 idle  _s_sspath2
 3B34:22F4 idle  _s_sspath3
 3B34:2304 idle  _s_sspath3s
 3B34:2314 idle  _s_sspath4
 3B34:2324       _s_sspain
 3B34:2334       _s_sspain1
 3B34:2344 idle  _s_ssshoot1
 3B34:2354 idle  _s_ssshoot2
 3B34:2364 idle  _s_ssshoot3
 3B34:2374 idle  _s_ssshoot4
 3B34:2384 idle  _s_ssshoot5
 3B34:2394 idle  _s_ssshoot6
 3B34:23A4 idle  _s_ssshoot7
 3B34:23B4 idle  _s_ssshoot8
 3B34:23C4 idle  _s_ssshoot9
 3B34:23D4       _s_sschase1
 3B34:23E4 idle  _s_sschase1s
 3B34:23F4 idle  _s_sschase2
 3B34:2404 idle  _s_sschase3
 3B34:2414 idle  _s_sschase3s
 3B34:2424 idle  _s_sschase4
 3B34:2434       _s_ssdie1
 3B34:2444 idle  _s_ssdie2
 3B34:2454 idle  _s_ssdie3
 3B34:2464 idle  _s_ssdie4
 3B34:2474 idle  _s_bossstand
 3B34:2484       _s_bosschase1
 3B34:2494 idle  _s_bosschase1s
 3B34:24A4 idle  _s_bosschase2
 3B34:24B4 idle  _s_bosschase3
 3B34:24C4 idle  _s_bosschase3s
 3B34:24D4 idle  _s_bosschase4
 3B34:24E4       _s_bossdie1
 3B34:24F4 idle  _s_bossdie2
 3B34:2504 idle  _s_bossdie3
 3B34:2514 idle  _s_bossdie4
 3B34:2524 idle  _s_bossshoot1
 3B34:2534 idle  _s_bossshoot2
 3B34:2544 idle  _s_bossshoot3
 3B34:2554 idle  _s_bossshoot4
 3B34:2564 idle  _s_bossshoot5
 3B34:2574 idle  _s_bossshoot6
 3B34:2584 idle  _s_bossshoot7
 3B34:2594 idle  _s_bossshoot8
 3B34:25A4 idle  _s_gretelstand
 3B34:25B4       _s_gretelchase1
 3B34:25C4 idle  _s_gretelchase1s
 3B34:25D4 idle  _s_gretelchase2
 3B34:25E4 idle  _s_gretelchase3
 3B34:25F4 idle  _s_gretelchase3s
 3B34:2604 idle  _s_gretelchase4
 3B34:2614       _s_greteldie1
 3B34:2624 idle  _s_greteldie2
 3B34:2634 idle  _s_greteldie3
 3B34:2644 idle  _s_greteldie4
 3B34:2654 idle  _s_gretelshoot1
 3B34:2664 idle  _s_gretelshoot2
 3B34:2674 idle  _s_gretelshoot3
 3B34:2684 idle  _s_gretelshoot4
 3B34:2694 idle  _s_gretelshoot5
 3B34:26A4 idle  _s_gretelshoot6
 3B34:26B4 idle  _s_gretelshoot7
 3B34:26C4 idle  _s_gretelshoot8
 3B34:26E6 idle  _s_schabbstand
 3B34:26F6       _s_schabbchase1
 3B34:2706 idle  _s_schabbchase1s
 3B34:2716 idle  _s_schabbchase2
 3B34:2726 idle  _s_schabbchase3
 3B34:2736 idle  _s_schabbchase3s
 3B34:2746 idle  _s_schabbchase4
 3B34:2756 idle  _s_schabbdeathcam
 3B34:2766       _s_schabbdie1
 3B34:2776 idle  _s_schabbdie2
 3B34:2786 idle  _s_schabbdie3
 3B34:2796 idle  _s_schabbdie4
 3B34:27A6 idle  _s_schabbdie5
 3B34:27B6 idle  _s_schabbdie6
 3B34:27C6 idle  _s_schabbshoot1
 3B34:27D6 idle  _s_schabbshoot2
 3B34:27E6 idle  _s_needle1
 3B34:27F6 idle  _s_needle2
 3B34:2806 idle  _s_needle3
 3B34:2816 idle  _s_needle4
 3B34:2826 idle  _s_giftstand
 3B34:2836       _s_giftchase1
 3B34:2846 idle  _s_giftchase1s
 3B34:2856 idle  _s_giftchase2
 3B34:2866 idle  _s_giftchase3
 3B34:2876 idle  _s_giftchase3s
 3B34:2886 idle  _s_giftchase4
 3B34:2896 idle  _s_giftdeathcam
 3B34:28A6       _s_giftdie1
 3B34:28B6 idle  _s_giftdie2
 3B34:28C6 idle  _s_giftdie3
 3B34:28D6 idle  _s_giftdie4
 3B34:28E6 idle  _s_giftdie5
 3B34:28F6 idle  _s_giftdie6
 3B34:2906 idle  _s_giftshoot1
 3B34:2916 idle  _s_giftshoot2
 3B34:2926 idle  _s_fatstand
 3B34:2936       _s_fatchase1
 3B34:2946 idle  _s_fatchase1s
 3B34:2956 idle  _s_fatchase2
 3B34:2966 idle  _s_fatchase3
 3B34:2976 idle  _s_fatchase3s
 3B34:2986 idle  _s_fatchase4
 3B34:2996 idle  _s_fatdeathcam
 3B34:29A6       _s_fatdie1
 3B34:29B6 idle  _s_fatdie2
 3B34:29C6 idle  _s_fatdie3
 3B34:29D6 idle  _s_fatdie4
 3B34:29E6 idle  _s_fatdie5
 3B34:29F6 idle  _s_fatdie6
 3B34:2A06 idle  _s_fatshoot1
 3B34:2A16 idle  _s_fatshoot2
 3B34:2A26 idle  _s_fatshoot3
 3B34:2A36 idle  _s_fatshoot4
 3B34:2A46 idle  _s_fatshoot5
 3B34:2A56 idle  _s_fatshoot6
 3B34:2A66 idle  _s_fakestand
 3B34:2A76       _s_fakechase1
 3B34:2A86 idle  _s_fakechase1s
 3B34:2A96 idle  _s_fakechase2
 3B34:2AA6 idle  _s_fakechase3
 3B34:2AB6 idle  _s_fakechase3s
 3B34:2AC6 idle  _s_fakechase4
 3B34:2AD6       _s_fakedie1
 3B34:2AE6 idle  _s_fakedie2
 3B34:2AF6 idle  _s_fakedie3
 3B34:2B06 idle  _s_fakedie4
 3B34:2B16 idle  _s_fakedie5
 3B34:2B26 idle  _s_fakedie6
 3B34:2B36 idle  _s_fakeshoot1
 3B34:2B46 idle  _s_fakeshoot2
 3B34:2B56 idle  _s_fakeshoot3
 3B34:2B66 idle  _s_fakeshoot4
 3B34:2B76 idle  _s_fakeshoot5
 3B34:2B86 idle  _s_fakeshoot6
 3B34:2B96 idle  _s_fakeshoot7
 3B34:2BA6 idle  _s_fakeshoot8
 3B34:2BB6 idle  _s_fakeshoot9
 3B34:2BC6 idle  _s_fire1
 3B34:2BD6 idle  _s_fire2
 3B34:2BE6 idle  _s_mechastand
 3B34:2BF6       _s_mechachase1
 3B34:2C06 idle  _s_mechachase1s
 3B34:2C16 idle  _s_mechachase2
 3B34:2C26 idle  _s_mechachase3
 3B34:2C36 idle  _s_mechachase3s
 3B34:2C46 idle  _s_mechachase4
 3B34:2C56       _s_mechadie1
 3B34:2C66 idle  _s_mechadie2
 3B34:2C76 idle  _s_mechadie3
 3B34:2C86 idle  _s_mechadie4
 3B34:2C96 idle  _s_mechashoot1
 3B34:2CA6 idle  _s_mechashoot2
 3B34:2CB6 idle  _s_mechashoot3
 3B34:2CC6 idle  _s_mechashoot4
 3B34:2CD6 idle  _s_mechashoot5
 3B34:2CE6 idle  _s_mechashoot6
 3B34:2CF6       _s_hitlerchase1
 3B34:2D06 idle  _s_hitlerchase1s
 3B34:2D16 idle  _s_hitlerchase2
 3B34:2D26 idle  _s_hitlerchase3
 3B34:2D36 idle  _s_hitlerchase3s
 3B34:2D46 idle  _s_hitlerchase4
 3B34:2D56 idle  _s_hitlerdeathcam
 3B34:2D66       _s_hitlerdie1
 3B34:2D76 idle  _s_hitlerdie2
 3B34:2D86 idle  _s_hitlerdie3
 3B34:2D96 idle  _s_hitlerdie4
 3B34:2DA6 idle  _s_hitlerdie5
 3B34:2DB6 idle  _s_hitlerdie6
 3B34:2DC6 idle  _s_hitlerdie7
 3B34:2DD6 idle  _s_hitlerdie8
 3B34:2DE6 idle  _s_hitlerdie9
 3B34:2DF6 idle  _s_hitlerdie10
 3B34:2E06 idle  _s_hitlershoot1
 3B34:2E16 idle  _s_hitlershoot2
 3B34:2E26 idle  _s_hitlershoot3
 3B34:2E36 idle  _s_hitlershoot4
 3B34:2E46 idle  _s_hitlershoot5
 3B34:2E56 idle  _s_hitlershoot6
 3B34:2E6E idle  _s_bjrun1
 3B34:2E7E idle  _s_bjrun1s
 3B34:2E8E idle  _s_bjrun2
 3B34:2E9E idle  _s_bjrun3
 3B34:2EAE idle  _s_bjrun3s
 3B34:2EBE idle  _s_bjrun4
 3B34:2ECE idle  _s_bjjump1
 3B34:2EDE idle  _s_bjjump2
 3B34:2EEE idle  _s_bjjump3
 3B34:2EFE idle  _s_bjjump4
 3B34:2F0E       _s_deathcam
 3B34:2F64       _gamepal
 3B34:3264       _audioname
 3B34:3271 idle  _gheadname
 3B34:327B idle  _gfilename
 3B34:3285 idle  _gdictname
 3B34:328F idle  _mheadname
 3B34:3299 idle  _mfilename
 3B34:32A3 idle  _aheadname
 3B34:32AD idle  _afilename
 3B34:3364 idle  _KbdDefs
 3B34:336E idle  _DemoMode
 3B34:3498 idle  _XMSProtectPage
 3B34:349A       _PageFileName
 3B34:34A8 idle  _PageFile
 3B34:34B2 idle  _EMMDriverName
 3B34:3928 idle  _ssPort
 3B34:3C1C       _USL_MeasureString
 3B34:3C20 idle  _USL_DrawString
 3B34:3C24       _Scores
 3B34:3E92       _screenseg
 3B34:3E98 idle  _pixmasks
 3B34:3E9C idle  _leftmasks
 3B34:3EA0 idle  _rightmasks
 3B34:3EE0       __8087
 3B34:3EF0       __protected
 3B34:3EF1       __LDT
 3B34:3EF4       __default87
 3B34:3EF6 idle  __huge_flt
 3B34:3EFA       __huge_dble
 3B34:3F02 idle  __huge_ldble
 3B34:3F0C idle  __indefinite
 3B34:3F10 idle  __tiny_ldble
 3B34:3F1A       __mathwhy
 3B34:40C0       __emu
 3B34:41D0       __atexitcnt
 3B34:41D2       __ctype
 3B34:42D4       __exitbuf
 3B34:42D8 idle  __exitfopen
 3B34:42DC       __exitopen
 3B34:42E0       __streams
 3B34:4420       __nfile
 3B34:4422       __openfd
 3B34:444A       __fmode
 3B34:444C       __notUmask
 3B34:444E       __fpstklen
 3B34:4450       __heaplen
 3B34:4452       __doserrno
 3B34:4454 idle  __dosErrorToSV
 3B34:44AE       __stklen
 3B34:4518       __video
 3B34:4527       _directvideo
 3B34:4564 idle  __first
 3B34:4566 idle  __last
 3B34:4568 idle  __rover
 3B34:456A       __argc
 3B34:456C       __argv
 3B34:4578       _environ
 3B34:4580       __RealCvtVector
 3B34:4584 idle  __ScanTodVector
 3B34:478A       __atexittbl
 3B34:480A       ___SignalPtr
 3B34:481C       _mr_dest
 3B34:481E       _mr_yfrac
 3B34:4820       _mr_xfrac
 3B34:4822       _mr_ystep
 3B34:4824       _mr_xstep
 3B34:4826       _mr_count
 3B34:4828       _mr_rowofs
 3B34:482A       _pcos
 3B34:482E       _psin
 3B34:4832       _mirrorofs
 3B34:48FA       _planeylookup
 3B34:4A8A       _basedist
 3B34:4C1A       _stepscale
 3B34:4DAA       _spanstart
 3B34:4E72       _viewcos
 3B34:4E76       _viewsin
 3B34:4E7A       _viewy
 3B34:4E7E       _viewx
 3B34:4E82       _wallheight
 3B34:5102       _facedistmod
 3B34:510A       _scale
 3B34:510E       _viewheight
 3B34:5110       _viewwidth
 3B34:5112       _zoom
 3B34:5113       _menuitems
 3B34:5115       _bufferofs
 3B34:5117       _pwalldir
 3B34:5119       _pwally
 3B34:511B       _pwallx
 3B34:511D       _areabyplayer
 3B34:5167       _pwallstate
 3B34:5169       _doorposition
 3B34:51E9       _puplast
 3B34:51EA       _pupphase
 3B34:51EB       _pupstep
 3B34:51EC       _pwallpos
 3B34:51EE       _vertwall
 3B34:526E       _horizwall
 3B34:52EE       _viewsize
 3B34:52F0       _joystickport
 3B34:52F2       _joystickprogressive
 3B34:52F4       _joypadenabled
 3B34:52F6       _joystickenabled
 3B34:52F8       _mouseenabled
 3B34:52FA       _update
 3B34:53FE       _actorat
 3B34:73FE       _tilemap
 3B34:83FE       _nearmapylookup
 3B34:847E       _farmapylookup
 3B34:84FE       _doorobjlist
 3B34:877E       _laststatobj
 3B34:8780       _statobjlist
 3B34:9400       _player
 3B34:9402       _new
 3B34:9404       _playstate
 3B34:9406       _gamestate
 3B34:9448       _minheightdiv
 3B34:944A       _heightnumerator
 3B34:944E       _maxslope
 3B34:9452       _pixelangle
 3B34:96D2       _mouseadjustment
 3B34:96D4       _startgame
 3B34:96D6       _shootdelta
 3B34:96D8       _centerx
 3B34:96DA       _screenofs
 3B34:96DC       _focallength
 3B34:96E0       _IsA386
 3B34:96E2       _nospr
 3B34:96E4       _str2
 3B34:96F8       _str
 3B34:9748       _LevelRatios
 3B34:9798       _blockstarts
 3B34:99A0       _uwidthtable
 3B34:99BA       _updateptr
 3B34:99BC       _WindowW
 3B34:99BE       _WindowX
 3B34:99C0       _NoWait
 3B34:99C2       _loadedgame
 3B34:99C4       _tedlevelnum
 3B34:99C6       _tedlevel
 3B34:99C8       _DigiMap
 3B34:9A76       _MusicMode
 3B34:9A78       _DigiMode
 3B34:9A7A       _SoundMode
 3B34:9A7C       _SoundBlasterPresent
 3B34:9A7E       _SoundSourcePresent
 3B34:9A80       _AdLibPresent
 3B34:9A82       _JoysPresent
 3B34:9A86       _MousePresent
 3B34:9A88       _Keyboard
 3B34:9B88       _displayofs
 3B34:9B8A       _grsegs
 3B34:9CB4       _mminfo
 3B34:9CC8       _layoutdone
 3B34:9CCA       _picdelay
 3B34:9CCC       _picnum
 3B34:9CCE       _picy
 3B34:9CD0       _picx
 3B34:9CD2       _rowon
 3B34:9CD4       _text
 3B34:9CD8       _rightmargin
 3B34:9CF6       _leftmargin
 3B34:9D14       _numpages
 3B34:9D16       _pagenum
 3B34:9D18       _backcolor
 3B34:9D19       _TimeCount
 3B34:9D1D       _LastScan
 3B34:9D1E       _py
 3B34:9D20       _px
 3B34:9D22       _fontnumber
 3B34:9D24       _fontcolor
 3B34:9D25       _pictable
 3B34:9D27       _ca_levelbit
 3B34:9D28       _pickquick
 3B34:9D2A       _lasttimecount
 3B34:9D2E       _SaveGameNames
 3B34:9E6E       _StartGame
 3B34:9E70       _SaveGamesAvail
 3B34:9E84       _WindowH
 3B34:9E86       _WindowY
 3B34:9E88       _PrintY
 3B34:9E8A       _PrintX
 3B34:9E8C       _ingame
 3B34:9E8E       _LastASCII
 3B34:9E8F       _Paused
 3B34:9E91       _extension
 3B34:9E96       _audiosegs
 3B34:A0D6       _EMSPagesAvail
 3B34:A0D8       _XMSPagesAvail
 3B34:A0DA       _EMSPresent
 3B34:A0DC       _XMSPresent
 3B34:A0DE       _mmerror
 3B34:A0E0       _mapon
 3B34:A0E2       _rightchannel
 3B34:A0E4       _leftchannel
 3B34:A0E6       _globalsoundy
 3B34:A0EA       _globalsoundx
 3B34:A0EE       _aplayery
 3B34:A0F0       _aplayerx
 3B34:A0F2       _demobuffer
 3B34:A0F4       _lastdemoptr
 3B34:A0F8       _demoptr
 3B34:A0FC       _demoplayback
 3B34:A0FE       _demorecord
 3B34:A100       _killerobj
 3B34:A102       _spearflag
 3B34:A104       _spearangle
 3B34:A106       _speary
 3B34:A10A       _spearx
 3B34:A10E       _fizzlein
 3B34:A110       _tics
 3B34:A112       _mapheight
 3B34:A114       _mapwidth
 3B34:A116       _SoundPositioned
 3B34:A118       _latchpics
 3B34:A1E0       _mapheaderseg
 3B34:A258       _mapsegs
 3B34:A25C       _palshifted
 3B34:A25E       _bonuscount
 3B34:A260       _damagecount
 3B34:A262       _objcount
 3B34:A264       _dummyobj
 3B34:A2A0       _mapwidthtable
 3B34:A320       _DebugOk
 3B34:A322       _facecount
 3B34:A324       _anglefrac
 3B34:A326       _running
 3B34:A328       _frameon
 3B34:A32C       _buttonstate
 3B34:A33E       _mouseturny
 3B34:A340       _mouseturnx
 3B34:A342       _controly
 3B34:A344       _controlx
 3B34:A346       _buttonheld
 3B34:A358       _extravbls
 3B34:A35A       _noclip
 3B34:A35C       _godmode
 3B34:A35E       _singlestep
 3B34:A360       _spotvis
 3B34:B360       _objfreelist
 3B34:B362       _lastobj
 3B34:B364       _obj
 3B34:B366       _objlist
 3B34:D68E       _madenoise
 3B34:D690       _compatability
 3B34:D692       _screenfaded
 3B34:D694       _DigiList
 3B34:D696       _NumDigi
 3B34:D698       _viewtype
 3B34:D69A       _maporgy
 3B34:D69C       _maporgx
 3B34:D69E       _postwidth
 3B34:D6A0       _postx
 3B34:D6A2       _postsource
 3B34:D6A6       _doornum
 3B34:D6A8       _PMPages
 3B34:D6AC       _PMSoundStart
 3B34:D6AE       _PMSpriteStart
 3B34:D6B0       _ChunksInFile
 3B34:D6B2       _i
 3B34:D6B4       _iy
 3B34:D6B6       _ix
 3B34:D6B8       _y
 3B34:D6BA       _x
 3B34:D6BC       _repeat
 3B34:D6BE       _tempweaponframe
 3B34:D6BF       _mapy
 3B34:D6C1       _mapx
 3B34:D6C3       _mapcolor
 3B34:D6C5       _farthest
 3B34:D6C7       _visstep
 3B34:D6C9       _visptr
 3B34:D6CB       _vislist
 3B34:D7F7       _introphase
 3B34:D7F8       _introstep
 3B34:D7F9       _ystep
 3B34:D7FD       _xstep
 3B34:D801       _yintercept
 3B34:D805       _xintercept
 3B34:D809       _ytilestep
 3B34:D80B       _xtilestep
 3B34:D80D       _ytile
 3B34:D80F       _xtile
 3B34:D811       _pixx
 3B34:D813       _tilehit
 3B34:D815       _yinttile
 3B34:D817       _xinttile
 3B34:D819       _ypartialdown
 3B34:D81B       _ypartialup
 3B34:D81D       _xpartialdown
 3B34:D81F       _xpartialup
 3B34:D821       _ypartial
 3B34:D823       _xpartial
 3B34:D825       _angle
 3B34:D827       _midangle
 3B34:D829       _viewty
 3B34:D82B       _viewtx
 3B34:D82D       _focalty
 3B34:D82F       _focaltx
 3B34:D831       _lasttilehit
 3B34:D833       _lastintercept
 3B34:D837       _lastside
 3B34:D839       _min_wallheight
 3B34:D83B       _maxscaleshl2
 3B34:D83D       _fullscalefarcall
 3B34:DC41       _viewangle
 3B34:DC43       _mask3
 3B34:DC44       _mask2
 3B34:DC45       _mask1
 3B34:DC46       _maskword
 3B34:DC48       _linescale
 3B34:DC4C       _linecmds
 3B34:DC50       _slinewidth
 3B34:DC52       _slinex
 3B34:DC54       _stepbytwo
 3B34:DC56       _work
 3B34:DC58       _insetupscaling
 3B34:DC5A       _maxscale
 3B34:DC5C       _scaledirectory
 3B34:DE5E       _pluy
 3B34:DE60       _plux
 3B34:DE62       _playerymove
 3B34:DE66       _playerxmove
 3B34:DE6A       _LastAttacker
 3B34:DE6C       _gotgatgun
 3B34:DE6E       _thrustspeed
 3B34:DE72       _lastdoorobj
 3B34:DE74       _oldsoundmode
 3B34:DE76       _chunkexplen
 3B34:DE7A       _chunkcomplen
 3B34:DE7E       _audiohandle
 3B34:DE80       _maphandle
 3B34:DE82       _grhandle
 3B34:DE84       _audiohuffman
 3B34:E280       _grhuffman
 3B34:E67C       _audiostarts
 3B34:E67E       _grstarts
 3B34:E680       _profilehandle
 3B34:E682       _ca_levelnum
 3B34:E683       _tinf
 3B34:E685       _bufferseg
 3B34:E687       _btnstate
 3B34:E697       _MouseDownCount
 3B34:E69B       _JoyPadPresent
 3B34:E69D       _DemoSize
 3B34:E69F       _DemoOffset
 3B34:E6A1       _DemoBuffer
 3B34:E6A3       _Controls
 3B34:E6AB       _JoyDefs
 3B34:E6DB       _UMBbase
 3B34:E6EF       _numUMBs
 3B34:E6F1       _XMSaddr
 3B34:E6F5       _bombonerror
 3B34:E6F7       _mmnew
 3B34:E6FB       _mmrover
 3B34:E6FF       _mmfree
 3B34:E703       _mmhead
 3B34:E707       _nearheap
 3B34:E709       _farheap
 3B34:E70D       _mmstarted
 3B34:E70F       _aftersort
 3B34:E713       _beforesort
 3B34:E717       _PMSegPages
 3B34:E719       _PMFrameCount
 3B34:E71D       _PMNumBlocks
 3B34:E71F       _MainPagesUsed
 3B34:E721       _EMSPagesUsed
 3B34:E723       _XMSPagesUsed
 3B34:E725       _PMThrashing
 3B34:E727       _PMPanicMode
 3B34:E729       _PMStarted
 3B34:E72B       _XMSDriver
 3B34:E72F       _XMSHandle
 3B34:E731       _XMSAvail
 3B34:E733       _EMSList
 3B34:E74B       _EMSPhysicalPage
 3B34:E74D       _EMSPageFrame
 3B34:E74F       _EMSHandle
 3B34:E751       _EMSAvail
 3B34:E753       _MainPagesAvail
 3B34:E755       _MainMemUsed
 3B34:E81D       _MainMemPages
 3B34:E8E5       _MainPresent
 3B34:E8E7       _sqHackTime
 3B34:E8EB       _sqHackSeqLen
 3B34:E8ED       _sqHackLen
 3B34:E8EF       _sqHackPtr
 3B34:E8F3       _sqHack
 3B34:E8F7       _sqActive
 3B34:E8F9       _alZeroInst
 3B34:E909       _alTimeCount
 3B34:E90D       _alLengthLeft
 3B34:E911       _alBlock
 3B34:E913       _alSound
 3B34:E917       _alNoCheck
 3B34:E919       _pcSoundLookup
 3B34:EB17       _pcLengthLeft
 3B34:EB1B       _pcSound
 3B34:EB1F       _pcLastSample
 3B34:EB20       _ssLengthLeft
 3B34:EB24       _ssSample
 3B34:EB28       _ssOff
 3B34:EB29       _ssOn
 3B34:EB2A       _ssData
 3B34:EB2C       _ssStatus
 3B34:EB2E       _ssControl
 3B34:EB30       _ssActive
 3B34:EB32       _ssNoCheck
 3B34:EB34       _DigiLastEnd
 3B34:EB36       _DigiLastStart
 3B34:EB38       _DigiPage
 3B34:EB3A       _DigiLeft
 3B34:EB3C       _TimerRate
 3B34:EB3E       _LocalTime
 3B34:EB42       _t0OldService
 3B34:EB46       _RightPosition
 3B34:EB48       _LeftPosition
 3B34:EB4A       _DigiPriority
 3B34:EB4C       _SoundPriority
 3B34:EB4E       _DigiNumber
 3B34:EB50       _SoundNumber
 3B34:EB52       _TimerCount
 3B34:EB56       _TimerDivisor
 3B34:EB5A       _nextsoundpos
 3B34:EB5C       _ssIsTandy
 3B34:EB5E       _SoundTable
 3B34:EB60       _HackCount
 3B34:EB62       _NeedsDigitized
 3B34:EB64       _SBProPresent
 3B34:EB66       _DigiPlaying
 3B34:EB68       _NeedsMusic
 3B34:EB6A       _Games
 3B34:EC66       _CursorY
 3B34:EC68       _CursorX
 3B34:EC6A       _CursorBad
 3B34:EC6C       _Button1
 3B34:EC6E       _Button0
 3B34:EC70       _abortprogram
 3B34:EC72       _fastpalette
 3B34:EC74       _bordercolor
 3B34:EC76       _ylookup
 3B34:EE06       _linewidth
 3B34:EE08       _pelpan
 3B34:EE0A       _bufferheight
 3B34:EE0C       _bufferwidth

Program entry point at 0000:0000

